ARM Linker, 5.03 [Build 24] [MDK-ARM Lite]

==============================================================================

Section Cross References

    system_stm32f4xx.o(.text) refers to system_stm32f4xx.o(.data) for SystemCoreClock
    startup_stm32f4xx.o(RESET) refers to startup_stm32f4xx.o(STACK) for __initial_sp
    startup_stm32f4xx.o(RESET) refers to startup_stm32f4xx.o(.text) for Reset_Handler
    startup_stm32f4xx.o(RESET) refers to hal_cm4.o(.emb_text) for SVC_Handler
    startup_stm32f4xx.o(RESET) refers to modehandler.o(.text) for EXTI0_IRQHandler
    startup_stm32f4xx.o(RESET) refers to main.o(.text) for TIM3_IRQHandler
    startup_stm32f4xx.o(RESET) refers to accelerometer.o(.text) for DMA2_Stream0_IRQHandler
    startup_stm32f4xx.o(.text) refers to system_stm32f4xx.o(.text) for SystemInit
    startup_stm32f4xx.o(.text) refers to entry.o(.ARM.Collect$$$$00000000) for __main
    rtx_conf_cm.o(.ARM.Collect$$$$000000FF) refers to rt_cmsis.o(i.osKernelStart) for osKernelStart
    rtx_conf_cm.o(.ARM.Collect$$$$000000FF) refers to rtx_conf_cm.o(.constdata) for .constdata
    rtx_conf_cm.o(.constdata) refers to rt_cmsis.o(i.osTimerThread) for osTimerThread
    rtx_conf_cm.o(.constdata) refers to rtx_conf_cm.o(.bss) for os_messageQ_q_osTimerMessageQ
    rtx_conf_cm.o(.constdata) refers to main.o(.text) for main
    main.o(.text) refers to accelerometer.o(.text) for accelerometer_init
    main.o(.text) refers to temperature_sensor.o(.text) for temperature_sensor_init
    main.o(.text) refers to led.o(.text) for led_init
    main.o(.text) refers to push_button.o(.text) for button_init
    main.o(.text) refers to timer.o(.text) for timer_init
    main.o(.text) refers to moving_average.o(.text) for moving_average_init
    main.o(.text) refers to modehandler.o(.text) for modeHandler_start_thread
    main.o(.text) refers to display_ui.o(.text) for display_UI_start_thread
    main.o(.text) refers to rt_cmsis.o(i.osDelay) for osDelay
    main.o(.text) refers to stm32f4xx_tim.o(.text) for TIM_ClearITPendingBit
    main.o(.text) refers to rt_cmsis.o(i.osSignalSet) for osSignalSet
    main.o(.text) refers to main.o(.bss) for ma_x
    main.o(.text) refers to main.o(.data) for tid_accelerometer_thread
    main.o(.constdata) refers to main.o(.text) for thread
    push_button.o(.text) refers to stm32f4xx_rcc.o(.text) for RCC_AHB1PeriphClockCmd
    push_button.o(.text) refers to stm32f4xx_gpio.o(.text) for GPIO_Init
    push_button.o(.text) refers to stm32f4xx_syscfg.o(.text) for SYSCFG_EXTILineConfig
    push_button.o(.text) refers to stm32f4xx_exti.o(.text) for EXTI_Init
    push_button.o(.text) refers to misc.o(.text) for NVIC_Init
    push_button.o(.text) refers to push_button.o(.data) for EXTI_InitStructure_button
    temperature_sensor.o(.text) refers to stm32f4xx_rcc.o(.text) for RCC_APB2PeriphClockCmd
    temperature_sensor.o(.text) refers to stm32f4xx_adc.o(.text) for ADC_CommonInit
    temperature_sensor.o(.text) refers to rt_cmsis.o(i.osSignalWait) for osSignalWait
    temperature_sensor.o(.text) refers to rt_cmsis.o(i.osSemaphoreWait) for osSemaphoreWait
    temperature_sensor.o(.text) refers to moving_average.o(.text) for moving_average
    temperature_sensor.o(.text) refers to rt_cmsis.o(i.osSemaphoreRelease) for osSemaphoreRelease
    temperature_sensor.o(.text) refers to rt_cmsis.o(i.osThreadCreate) for osThreadCreate
    temperature_sensor.o(.text) refers to temperature_sensor.o(.data) for temperature
    temperature_sensor.o(.text) refers to main.o(.data) for temperature_sensor_tick
    temperature_sensor.o(.text) refers to main.o(.bss) for ma_temperature
    temperature_sensor.o(.text) refers to temperature_sensor.o(.constdata) for os_thread_def_temperature_sensor_thread
    temperature_sensor.o(.constdata) refers to temperature_sensor.o(.data) for os_semaphore_cb_temeprature_lock
    temperature_sensor.o(.constdata) refers to temperature_sensor.o(.text) for temperature_sensor_thread
    stm32f4_discovery_lis302dl.o(.text) refers to stm32f4xx_spi.o(.text) for SPI_I2S_GetFlagStatus
    stm32f4_discovery_lis302dl.o(.text) refers to stm32f4xx_gpio.o(.text) for GPIO_ResetBits
    stm32f4_discovery_lis302dl.o(.text) refers to stm32f4xx_rcc.o(.text) for RCC_APB2PeriphClockCmd
    stm32f4_discovery_lis302dl.o(.text) refers to stm32f4_discovery_lis302dl.o(.data) for LIS302DLTimeout
    accelerometer.o(.text) refers to stm32f4_discovery_lis302dl.o(.text) for LIS302DL_Init
    accelerometer.o(.text) refers to stm32f4xx_rcc.o(.text) for RCC_AHB1PeriphClockCmd
    accelerometer.o(.text) refers to stm32f4xx_gpio.o(.text) for GPIO_Init
    accelerometer.o(.text) refers to stm32f4xx_syscfg.o(.text) for SYSCFG_EXTILineConfig
    accelerometer.o(.text) refers to stm32f4xx_exti.o(.text) for EXTI_Init
    accelerometer.o(.text) refers to misc.o(.text) for NVIC_Init
    accelerometer.o(.text) refers to stm32f4xx_dma.o(.text) for DMA_Init
[...]
    i.svcThreadCreate                        0x080057d8   Section        0  rt_cmsis.o(i.svcThreadCreate)
    i.svcThreadGetId                         0x08005848   Section        0  rt_cmsis.o(i.svcThreadGetId)
    i.svcThreadTerminate                     0x08005864   Section        0  rt_cmsis.o(i.svcThreadTerminate)
    i.svcTimerCall                           0x0800589c   Section        0  rt_cmsis.o(i.svcTimerCall)
    i.sysTimerTick                           0x080058b4   Section        0  rt_cmsis.o(i.sysTimerTick)
    .constdata                               0x08005908   Section       88  rtx_conf_cm.o(.constdata)
    __tagsym$$used                           0x0800591c   Number         0  rtx_conf_cm.o(.constdata)
    __tagsym$$used                           0x08005920   Number         0  rtx_conf_cm.o(.constdata)
    .constdata                               0x08005960   Section       20  temperature_sensor.o(.constdata)
    .constdata                               0x08005974   Section       28  accelerometer.o(.constdata)
    .constdata                               0x08005990   Section       16  modehandler.o(.constdata)
    .constdata                               0x080059a0   Section       16  display_ui.o(.constdata)
    .constdata                               0x080059b0   Section      152  atan.o(.constdata)
    atanhi                                   0x080059b0   Data          32  atan.o(.constdata)
    atanlo                                   0x080059d0   Data          32  atan.o(.constdata)
    aTodd                                    0x080059f0   Data          40  atan.o(.constdata)
    aTeven                                   0x08005a18   Data          48  atan.o(.constdata)
    .bss                                     0x10000000   Section     6992  rtx_conf_cm.o(.bss)
    .data                                    0x20000000   Section       20  system_stm32f4xx.o(.data)
    .data                                    0x20000014   Section       16  rtx_conf_cm.o(.data)
    .data                                    0x20000024   Section       44  main.o(.data)
    temp_sensor_prescaler                    0x2000003c   Data           4  main.o(.data)
    .data                                    0x20000050   Section        8  push_button.o(.data)
    .data                                    0x20000058   Section       20  temperature_sensor.o(.data)
    temp_t                                   0x20000058   Data           4  temperature_sensor.o(.data)
    temperature                              0x2000005c   Data           4  temperature_sensor.o(.data)
    .data                                    0x2000006c   Section        4  stm32f4_discovery_lis302dl.o(.data)
    .data                                    0x20000070   Section       67  accelerometer.o(.data)
    accelerometer_spi_out                    0x20000070   Data           7  accelerometer.o(.data)
    angles                                   0x200000a4   Data           8  accelerometer.o(.data)
    accelerometer_spi_in                     0x200000ac   Data           7  accelerometer.o(.data)
    .data                                    0x200000b4   Section        8  modehandler.o(.data)
    press                                    0x200000b4   Data           4  modehandler.o(.data)
    tap                                      0x200000b8   Data           4  modehandler.o(.data)
    .data                                    0x200000bc   Section        4  led.o(.data)
    led_prescaler                            0x200000bc   Data           4  led.o(.data)
    .data                                    0x200000c0   Section        4  displaytemperature.o(.data)
    temperature_t                            0x200000c0   Data           4  displaytemperature.o(.data)
    .data                                    0x200000c4   Section        8  displayedge.o(.data)
    leds_angles                              0x200000c4   Data           8  displayedge.o(.data)
    .data                                    0x200000cc   Section        8  movedetect.o(.data)
    accSquare                                0x200000d0   Data           4  movedetect.o(.data)
    .data                                    0x200000d4   Section        1  display_ui.o(.data)
    state                                    0x200000d4   Data           1  display_ui.o(.data)
    .data                                    0x200000d5   Section       16  stm32f4xx_rcc.o(.data)
    APBAHBPrescTable                         0x200000d5   Data          16  stm32f4xx_rcc.o(.data)
    .data                                    0x200000e8   Section        4  rt_cmsis.o(.data)
    .data                                    0x200000ec   Section        8  rt_task.o(.data)
    .data                                    0x200000f4   Section        3  rt_system.o(.data)
    os_lock                                  0x200000f4   Data           1  rt_system.o(.data)
    os_psh_flag                              0x200000f5   Data           1  rt_system.o(.data)
    pend_flags                               0x200000f6   Data           1  rt_system.o(.data)
    .data                                    0x200000f8   Section        2  rt_time.o(.data)
    .data                                    0x200000fa   Section        1  hal_cm.o(.data)
    .data                                    0x200000fc   Section        8  rt_robin.o(.data)
    .data                                    0x20000104   Section        4  errno.o(.data)
    _errno                                   0x20000104   Data           4  errno.o(.data)
    .bss                                     0x20000108   Section      192  main.o(.bss)
    .bss                                     0x200001c8   Section       84  accelerometer.o(.bss)
    axisParameters                           0x20000204   Data          12  accelerometer.o(.bss)
    rawData                                  0x20000210   Data          12  accelerometer.o(.bss)
    .bss                                     0x2000021c   Section       32  timer.o(.bss)
    .bss                                     0x2000023c   Section       12  movedetect.o(.bss)
    .bss                                     0x20000248   Section       48  rt_task.o(.bss)
    .bss                                     0x20000278   Section       48  rt_list.o(.bss)
    STACK                                    0x200002a8   Section     1024  startup_stm32f4xx.o(STACK)

    Global Symbols

    Symbol Name                              Value     Ov Type        Size  Object(Section)

    BuildAttributes$$THM_ISAv4$E$P$D$K$B$S$7EM$VFPi3$EXTD16$VFPS$VFMA$PE$A:L22UL41UL21$X:L11$S22US41US21$IEEE1$IW$USESV6$~STKCKD$USESV7$~SHL$OTIME$ROPI$IEEEX$EBA8$MICROLIB$REQ8$PRES8$EABIv2 0x00000000   Number         0  anon$$obj.o ABSOLUTE
    __ARM_use_no_argv                        0x00000000   Number         0  main.o ABSOLUTE
    __cpp_initialize__aeabi_                  - Undefined Weak Reference
    __cxa_finalize                            - Undefined Weak Reference
    __decompress                              - Undefined Weak Reference
    _clock_init                               - Undefined Weak Reference
    _microlib_exit                            - Undefined Weak Reference
    __Vectors_Size                           0x00000188   Number         0  startup_stm32f4xx.o ABSOLUTE
    __RL_RTX_VER                             0x00000422   Number         0  rt_system.o ABSOLUTE
    __Vectors                                0x08000000   Data           4  startup_stm32f4xx.o(RESET)
    __Vectors_End                            0x08000188   Data           0  startup_stm32f4xx.o(RESET)
    __main                                   0x08000189   Thumb Code     0  entry.o(.ARM.Collect$$$$00000000)
    _main_stk                                0x08000189   Thumb Code     0  entry2.o(.ARM.Collect$$$$00000001)
    _main_scatterload                        0x0800018d   Thumb Code     0  entry5.o(.ARM.Collect$$$$00000004)
    __main_after_scatterload                 0x08000191   Thumb Code     0  entry5.o(.ARM.Collect$$$$00000004)
    __rt_final_cpp                           0x08000191   Thumb Code     0  entry10a.o(.ARM.Collect$$$$0000000D)
    __rt_final_exit                          0x08000191   Thumb Code     0  entry11a.o(.ARM.Collect$$$$0000000F)
    _main_clock                              0x08000191   Thumb Code     0  entry7b.o(.ARM.Collect$$$$00000008)
    _main_cpp_init                           0x08000191   Thumb Code     0  entry8b.o(.ARM.Collect$$$$0000000A)
    _main_init                               0x08000191   Thumb Code    10  rtx_conf_cm.o(.ARM.Collect$$$$000000FF)
    rt_set_PSP                               0x080001a5   Thumb Code     6  hal_cm4.o(.emb_text)
    os_set_env                               0x080001ab   Thumb Code    26  hal_cm4.o(.emb_text)
    _alloc_box                               0x080001c9   Thumb Code    28  hal_cm4.o(.emb_text)
    _free_box                                0x080001e9   Thumb Code    28  hal_cm4.o(.emb_text)
    SVC_Handler                              0x08000209   Thumb Code   152  hal_cm4.o(.emb_text)
    PendSV_Handler                           0x080002ad   Thumb Code     0  hal_cm4.o(.emb_text)
    Sys_Handler                              0x080002ad   Thumb Code   104  hal_cm4.o(.emb_text)
    SysTick_Handler                          0x0800030d   Thumb Code     0  hal_cm4.o(.emb_text)
    SystemInit                               0x080003f3   Thumb Code    88  system_stm32f4xx.o(.text)
    SystemCoreClockUpdate                    0x0800044b   Thumb Code   174  system_stm32f4xx.o(.text)
    Reset_Handler                            0x08000525   Thumb Code     8  startup_stm32f4xx.o(.text)
    NMI_Handler                              0x0800052d   Thumb Code     2  startup_stm32f4xx.o(.text)
    HardFault_Handler                        0x0800052f   Thumb Code     2  startup_stm32f4xx.o(.text)
    MemManage_Handler                        0x08000531   Thumb Code     2  startup_stm32f4xx.o(.text)
    BusFault_Handler                         0x08000533   Thumb Code     2  startup_stm32f4xx.o(.text)
    UsageFault_Handler                       0x08000535   Thumb Code     2  startup_stm32f4xx.o(.text)
    DebugMon_Handler                         0x08000539   Thumb Code     2  startup_stm32f4xx.o(.text)
    ADC_IRQHandler                           0x0800053f   Thumb Code     0  startup_stm32f4xx.o(.text)
    CAN1_RX0_IRQHandler                      0x0800053f   Thumb Code     0  startup_stm32f4xx.o(.text)
    CAN1_RX1_IRQHandler                      0x0800053f   Thumb Code     0  startup_stm32f4xx.o(.text)
    CAN1_SCE_IRQHandler                      0x0800053f   Thumb Code     0  startup_stm32f4xx.o(.text)
    CAN1_TX_IRQHandler                       0x0800053f   Thumb Code     0  startup_stm32f4xx.o(.text)
    CAN2_RX0_IRQHandler                      0x0800053f   Thumb Code     0  startup_stm32f4xx.o(.text)
    CAN2_RX1_IRQHandler                      0x0800053f   Thumb Code     0  startup_stm32f4xx.o(.text)
    CAN2_SCE_IRQHandler                      0x0800053f   Thumb Code     0  startup_stm32f4xx.o(.text)
    CAN2_TX_IRQHandler                       0x0800053f   Thumb Code     0  startup_stm32f4xx.o(.text)
    CRYP_IRQHandler                          0x0800053f   Thumb Code     0  startup_stm32f4xx.o(.text)
    DCMI_IRQHandler                          0x0800053f   Thumb Code     0  startup_stm32f4xx.o(.text)
    DMA1_Stream0_IRQHandler                  0x0800053f   Thumb Code     0  startup_stm32f4xx.o(.text)
    DMA1_Stream1_IRQHandler                  0x0800053f   Thumb Code     0  startup_stm32f4xx.o(.text)
    DMA1_Stream2_IRQHandler                  0x0800053f   Thumb Code     0  startup_stm32f4xx.o(.text)
    DMA1_Stream3_IRQHandler                  0x0800053f   Thumb Code     0  startup_stm32f4xx.o(.text)
    DMA1_Stream4_IRQHandler                  0x0800053f   Thumb Code     0  startup_stm32f4xx.o(.text)
    DMA1_Stream5_IRQHandler                  0x0800053f   Thumb Code     0  startup_stm32f4xx.o(.text)
    DMA1_Stream6_IRQHandler                  0x0800053f   Thumb Code     0  startup_stm32f4xx.o(.text)
    DMA1_Stream7_IRQHandler                  0x0800053f   Thumb Code     0  startup_stm32f4xx.o(.text)
    DMA2_Stream1_IRQHandler                  0x0800053f   Thumb Code     0  startup_stm32f4xx.o(.text)
    DMA2_Stream2_IRQHandler                  0x0800053f   Thumb Code     0  startup_stm32f4xx.o(.text)
    DMA2_Stream3_IRQHandler                  0x0800053f   Thumb Code     0  startup_stm32f4xx.o(.text)
    DMA2_Stream4_IRQHandler                  0x0800053f   Thumb Code     0  startup_stm32f4xx.o(.text)
    DMA2_Stream5_IRQHandler                  0x0800053f   Thumb Code     0  startup_stm32f4xx.o(.text)
    DMA2_Stream6_IRQHandler                  0x0800053f   Thumb Code     0  startup_stm32f4xx.o(.text)
    DMA2_Stream7_IRQHandler                  0x0800053f   Thumb Code     0  startup_stm32f4xx.o(.text)
    ETH_IRQHandler                           0x0800053f   Thumb Code     0  startup_stm32f4xx.o(.text)
    ETH_WKUP_IRQHandler                      0x0800053f   Thumb Code     0  startup_stm32f4xx.o(.text)
    EXTI15_10_IRQHandler                     0x0800053f   Thumb Code     0  startup_stm32f4xx.o(.text)
    EXTI2_IRQHandler                         0x0800053f   Thumb Code     0  startup_stm32f4xx.o(.text)
    EXTI3_IRQHandler                         0x0800053f   Thumb Code     0  startup_stm32f4xx.o(.text)
    EXTI4_IRQHandler                         0x0800053f   Thumb Code     0  startup_stm32f4xx.o(.text)
    EXTI9_5_IRQHandler                       0x0800053f   Thumb Code     0  startup_stm32f4xx.o(.text)
    FLASH_IRQHandler                         0x0800053f   Thumb Code     0  startup_stm32f4xx.o(.text)
    FPU_IRQHandler                           0x0800053f   Thumb Code     0  startup_stm32f4xx.o(.text)
    FSMC_IRQHandler                          0x0800053f   Thumb Code     0  startup_stm32f4xx.o(.text)
    HASH_RNG_IRQHandler                      0x0800053f   Thumb Code     0  startup_stm32f4xx.o(.text)
    I2C1_ER_IRQHandler                       0x0800053f   Thumb Code     0  startup_stm32f4xx.o(.text)
    I2C1_EV_IRQHandler                       0x0800053f   Thumb Code     0  startup_stm32f4xx.o(.text)
    I2C2_ER_IRQHandler                       0x0800053f   Thumb Code     0  startup_stm32f4xx.o(.text)
    I2C2_EV_IRQHandler                       0x0800053f   Thumb Code     0  startup_stm32f4xx.o(.text)
    I2C3_ER_IRQHandler                       0x0800053f   Thumb Code     0  startup_stm32f4xx.o(.text)
    I2C3_EV_IRQHandler                       0x0800053f   Thumb Code     0  startup_stm32f4xx.o(.text)
    OTG_FS_IRQHandler                        0x0800053f   Thumb Code     0  startup_stm32f4xx.o(.text)
    OTG_FS_WKUP_IRQHandler                   0x0800053f   Thumb Code     0  startup_stm32f4xx.o(.text)
    OTG_HS_EP1_IN_IRQHandler                 0x0800053f   Thumb Code     0  startup_stm32f4xx.o(.text)
    OTG_HS_EP1_OUT_IRQHandler                0x0800053f   Thumb Code     0  startup_stm32f4xx.o(.text)
    OTG_HS_IRQHandler                        0x0800053f   Thumb Code     0  startup_stm32f4xx.o(.text)
    OTG_HS_WKUP_IRQHandler                   0x0800053f   Thumb Code     0  startup_stm32f4xx.o(.text)
    PVD_IRQHandler                           0x0800053f   Thumb Code     0  startup_stm32f4xx.o(.text)
    RCC_IRQHandler                           0x0800053f   Thumb Code     0  startup_stm32f4xx.o(.text)
    RTC_Alarm_IRQHandler                     0x0800053f   Thumb Code     0  startup_stm32f4xx.o(.text)
    RTC_WKUP_IRQHandler                      0x0800053f   Thumb Code     0  startup_stm32f4xx.o(.text)
    SDIO_IRQHandler                          0x0800053f   Thumb Code     0  startup_stm32f4xx.o(.text)
    SPI1_IRQHandler                          0x0800053f   Thumb Code     0  startup_stm32f4xx.o(.text)
    SPI2_IRQHandler                          0x0800053f   Thumb Code     0  startup_stm32f4xx.o(.text)
    SPI3_IRQHandler                          0x0800053f   Thumb Code     0  startup_stm32f4xx.o(.text)
    TAMP_STAMP_IRQHandler                    0x0800053f   Thumb Code     0  startup_stm32f4xx.o(.text)
    TIM1_BRK_TIM9_IRQHandler                 0x0800053f   Thumb Code     0  startup_stm32f4xx.o(.text)
    TIM1_CC_IRQHandler                       0x0800053f   Thumb Code     0  startup_stm32f4xx.o(.text)
    TIM1_TRG_COM_TIM11_IRQHandler            0x0800053f   Thumb Code     0  startup_stm32f4xx.o(.text)
    TIM1_UP_TIM10_IRQHandler                 0x0800053f   Thumb Code     0  startup_stm32f4xx.o(.text)
    TIM2_IRQHandler                          0x0800053f   Thumb Code     0  startup_stm32f4xx.o(.text)
    TIM4_IRQHandler                          0x0800053f   Thumb Code     0  startup_stm32f4xx.o(.text)
    TIM5_IRQHandler                          0x0800053f   Thumb Code     0  startup_stm32f4xx.o(.text)
    TIM6_DAC_IRQHandler                      0x0800053f   Thumb Code     0  startup_stm32f4xx.o(.text)
    TIM7_IRQHandler                          0x0800053f   Thumb Code     0  startup_stm32f4xx.o(.text)
    TIM8_BRK_TIM12_IRQHandler                0x0800053f   Thumb Code     0  startup_stm32f4xx.o(.text)
    TIM8_CC_IRQHandler                       0x0800053f   Thumb Code     0  startup_stm32f4xx.o(.text)
    TIM8_TRG_COM_TIM14_IRQHandler            0x0800053f   Thumb Code     0  startup_stm32f4xx.o(.text)
    TIM8_UP_TIM13_IRQHandler                 0x0800053f   Thumb Code     0  startup_stm32f4xx.o(.text)
    UART4_IRQHandler                         0x0800053f   Thumb Code     0  startup_stm32f4xx.o(.text)
    UART5_IRQHandler                         0x0800053f   Thumb Code     0  startup_stm32f4xx.o(.text)
    USART1_IRQHandler                        0x0800053f   Thumb Code     0  startup_stm32f4xx.o(.text)
    USART2_IRQHandler                        0x0800053f   Thumb Code     0  startup_stm32f4xx.o(.text)
    USART3_IRQHandler                        0x0800053f   Thumb Code     0  startup_stm32f4xx.o(.text)
    USART6_IRQHandler                        0x0800053f   Thumb Code     0  startup_stm32f4xx.o(.text)
    WWDG_IRQHandler                          0x0800053f   Thumb Code     0  startup_stm32f4xx.o(.text)
    os_idle_demon                            0x08000549   Thumb Code     4  rtx_conf_cm.o(.text)
    os_error                                 0x0800054d   Thumb Code     4  rtx_conf_cm.o(.text)
    main                                     0x08000551   Thumb Code    88  main.o(.text)
    thread                                   0x080005a9   Thumb Code    10  main.o(.text)
    TIM3_IRQHandler                          0x080005b3   Thumb Code    60  main.o(.text)
    button_init                              0x08000621   Thumb Code   112  push_button.o(.text)
    button_read                              0x08000691   Thumb Code    20  push_button.o(.text)
    get_temperature                          0x080006b1   Thumb Code     8  temperature_sensor.o(.text)
    temperature_sensor_init                  0x080006b9   Thumb Code    88  temperature_sensor.o(.text)
    bits_to_celsius                          0x08000711   Thumb Code    44  temperature_sensor.o(.text)
    temperature_sensor_thread                0x0800073d   Thumb Code    94  temperature_sensor.o(.text)
    temperature_sensor_start_thread          0x0800079b   Thumb Code    12  temperature_sensor.o(.text)
    LIS302DL_TIMEOUT_UserCallback            0x080007d1   Thumb Code     4  stm32f4_discovery_lis302dl.o(.text)
    LIS302DL_Write                           0x08000837   Thumb Code    58  stm32f4_discovery_lis302dl.o(.text)
    LIS302DL_Init                            0x08000997   Thumb Code    44  stm32f4_discovery_lis302dl.o(.text)
    LIS302DL_Read                            0x080009c3   Thumb Code    66  stm32f4_discovery_lis302dl.o(.text)
    LIS302DL_FilterConfig                    0x08000a05   Thumb Code    58  stm32f4_discovery_lis302dl.o(.text)
    LIS302DL_InterruptConfig                 0x08000a3f   Thumb Code    42  stm32f4_discovery_lis302dl.o(.text)
    LIS302DL_LowpowerCmd                     0x08000a69   Thumb Code    44  stm32f4_discovery_lis302dl.o(.text)
    LIS302DL_DataRateCmd                     0x08000a95   Thumb Code    44  stm32f4_discovery_lis302dl.o(.text)
    LIS302DL_FullScaleCmd                    0x08000ac1   Thumb Code    44  stm32f4_discovery_lis302dl.o(.text)
    LIS302DL_RebootCmd                       0x08000aed   Thumb Code    34  stm32f4_discovery_lis302dl.o(.text)
    LIS302DL_ReadACC                         0x08000b0f   Thumb Code   112  stm32f4_discovery_lis302dl.o(.text)
    accelerometer_init                       0x08000b91   Thumb Code   382  accelerometer.o(.text)
    get_axes                                 0x08000d0f   Thumb Code    52  accelerometer.o(.text)
    get_rawAxes                              0x08000d43   Thumb Code    52  accelerometer.o(.text)
    get_x                                    0x08000d77   Thumb Code     8  accelerometer.o(.text)
    get_y                                    0x08000d7f   Thumb Code     8  accelerometer.o(.text)
    get_z                                    0x08000d87   Thumb Code     8  accelerometer.o(.text)
    get_angles                               0x08000d8f   Thumb Code    44  accelerometer.o(.text)
    get_roll                                 0x08000dbb   Thumb Code     8  accelerometer.o(.text)
    get_pitch                                0x08000dc3   Thumb Code     8  accelerometer.o(.text)
    update_angles                            0x08000dcb   Thumb Code   352  accelerometer.o(.text)
    filter_accelerations                     0x08000f2b   Thumb Code    66  accelerometer.o(.text)
    DMA_get_accelerometer_data               0x08000f6d   Thumb Code    62  accelerometer.o(.text)
    accelerometer_thread                     0x08000fab   Thumb Code   362  accelerometer.o(.text)
    accelerometer_start_thread               0x08001115   Thumb Code    12  accelerometer.o(.text)
    DMA2_Stream0_IRQHandler                  0x08001121   Thumb Code    80  accelerometer.o(.text)
    highPassReset                            0x08001171   Thumb Code    18  accelerometer.o(.text)
    highPassSet                              0x08001183   Thumb Code    18  accelerometer.o(.text)
    timer_init                               0x080011d1   Thumb Code   104  timer.o(.text)
    modeHandler_thread                       0x08001245   Thumb Code   150  modehandler.o(.text)
    modeHandler_start_thread                 0x080012db   Thumb Code    12  modehandler.o(.text)
    EXTI0_IRQHandler                         0x080012e7   Thumb Code    26  modehandler.o(.text)
    EXTI1_IRQHandler                         0x08001301   Thumb Code    28  modehandler.o(.text)
    led_init                                 0x08001335   Thumb Code    50  led.o(.text)
    orangeOff                                0x08001367   Thumb Code    14  led.o(.text)
    redOff                                   0x08001375   Thumb Code    14  led.o(.text)
    greenOff                                 0x08001383   Thumb Code    14  led.o(.text)
    blueOff                                  0x08001391   Thumb Code    14  led.o(.text)
    all_leds_off                             0x0800139f   Thumb Code    20  led.o(.text)
    orangeOn                                 0x080013b3   Thumb Code    14  led.o(.text)
    redOn                                    0x080013c1   Thumb Code    14  led.o(.text)
    greenOn                                  0x080013cf   Thumb Code    14  led.o(.text)
    blueOn                                   0x080013dd   Thumb Code    14  led.o(.text)
    all_leds_on                              0x080013eb   Thumb Code    20  led.o(.text)
    leds_flash                               0x080013ff   Thumb Code    46  led.o(.text)
    leds_toggle                              0x0800142d   Thumb Code    14  led.o(.text)
    displayTemperature                       0x08001445   Thumb Code   204  displaytemperature.o(.text)
    displayEdge                              0x08001519   Thumb Code   146  displayedge.o(.text)
    moveDetect                               0x080015b1   Thumb Code   236  movedetect.o(.text)
    moving_average_init                      0x080016a9   Thumb Code    40  moving_average.o(.text)
    moving_average                           0x080016d1   Thumb Code   256  moving_average.o(.text)
    moving_average_exp                       0x080017d1   Thumb Code    22  moving_average.o(.text)
    display_UI_thread                        0x080017fd   Thumb Code   146  display_ui.o(.text)
    display_UI_start_thread                  0x0800188f   Thumb Code    12  display_ui.o(.text)
    NVIC_PriorityGroupConfig                 0x080018ad   Thumb Code    10  misc.o(.text)
    NVIC_Init                                0x080018b7   Thumb Code   108  misc.o(.text)
    NVIC_SetVectorTable                      0x08001923   Thumb Code    14  misc.o(.text)
    NVIC_SystemLPConfig                      0x08001931   Thumb Code    34  misc.o(.text)
    SysTick_CLKSourceConfig                  0x08001953   Thumb Code    40  misc.o(.text)
    ADC_DeInit                               0x08001991   Thumb Code    22  stm32f4xx_adc.o(.text)
    ADC_Init                                 0x080019a7   Thumb Code    74  stm32f4xx_adc.o(.text)
    ADC_StructInit                           0x080019f1   Thumb Code    20  stm32f4xx_adc.o(.text)
    ADC_CommonInit                           0x08001a05   Thumb Code    44  stm32f4xx_adc.o(.text)
    ADC_CommonStructInit                     0x08001a31   Thumb Code    12  stm32f4xx_adc.o(.text)
    ADC_Cmd                                  0x08001a3d   Thumb Code    22  stm32f4xx_adc.o(.text)
    ADC_AnalogWatchdogCmd                    0x08001a53   Thumb Code    16  stm32f4xx_adc.o(.text)
    ADC_AnalogWatchdogThresholdsConfig       0x08001a63   Thumb Code     6  stm32f4xx_adc.o(.text)
    ADC_AnalogWatchdogSingleChannelConfig    0x08001a69   Thumb Code    16  stm32f4xx_adc.o(.text)
    ADC_TempSensorVrefintCmd                 0x08001a79   Thumb Code    34  stm32f4xx_adc.o(.text)
    ADC_VBATCmd                              0x08001a9b   Thumb Code    34  stm32f4xx_adc.o(.text)
    ADC_RegularChannelConfig                 0x08001abd   Thumb Code   184  stm32f4xx_adc.o(.text)
    ADC_SoftwareStartConv                    0x08001b75   Thumb Code    10  stm32f4xx_adc.o(.text)
    ADC_GetSoftwareStartConvStatus           0x08001b7f   Thumb Code    20  stm32f4xx_adc.o(.text)
    ADC_EOCOnEachRegularChannelCmd           0x08001b93   Thumb Code    22  stm32f4xx_adc.o(.text)
    ADC_ContinuousModeCmd                    0x08001ba9   Thumb Code    22  stm32f4xx_adc.o(.text)
    ADC_DiscModeChannelCountConfig           0x08001bbf   Thumb Code    24  stm32f4xx_adc.o(.text)
    ADC_DiscModeCmd                          0x08001bd7   Thumb Code    22  stm32f4xx_adc.o(.text)
    ADC_GetConversionValue                   0x08001bed   Thumb Code     8  stm32f4xx_adc.o(.text)
    ADC_GetMultiModeConversionValue          0x08001bf5   Thumb Code     6  stm32f4xx_adc.o(.text)
    ADC_DMACmd                               0x08001bfb   Thumb Code    22  stm32f4xx_adc.o(.text)
    ADC_DMARequestAfterLastTransferCmd       0x08001c11   Thumb Code    22  stm32f4xx_adc.o(.text)
    ADC_MultiModeDMARequestAfterLastTransferCmd 0x08001c27   Thumb Code    34  stm32f4xx_adc.o(.text)
    ADC_InjectedChannelConfig                0x08001c49   Thumb Code   130  stm32f4xx_adc.o(.text)
    ADC_InjectedSequencerLengthConfig        0x08001ccb   Thumb Code    24  stm32f4xx_adc.o(.text)
    ADC_SetInjectedOffset                    0x08001ce3   Thumb Code    20  stm32f4xx_adc.o(.text)
    ADC_ExternalTrigInjectedConvConfig       0x08001cf7   Thumb Code    16  stm32f4xx_adc.o(.text)
    ADC_ExternalTrigInjectedConvEdgeConfig   0x08001d07   Thumb Code    16  stm32f4xx_adc.o(.text)
    ADC_SoftwareStartInjectedConv            0x08001d17   Thumb Code    10  stm32f4xx_adc.o(.text)
    ADC_GetSoftwareStartInjectedConvCmdStatus 0x08001d21   Thumb Code    20  stm32f4xx_adc.o(.text)
    ADC_AutoInjectedConvCmd                  0x08001d35   Thumb Code    22  stm32f4xx_adc.o(.text)
    ADC_InjectedDiscModeCmd                  0x08001d4b   Thumb Code    22  stm32f4xx_adc.o(.text)
    ADC_GetInjectedConversionValue           0x08001d61   Thumb Code    28  stm32f4xx_adc.o(.text)
    ADC_ITConfig                             0x08001d7d   Thumb Code    60  stm32f4xx_adc.o(.text)
    ADC_GetFlagStatus                        0x08001db9   Thumb Code    18  stm32f4xx_adc.o(.text)
    ADC_ClearFlag                            0x08001dcb   Thumb Code     6  stm32f4xx_adc.o(.text)
    ADC_GetITStatus                          0x08001dd1   Thumb Code    38  stm32f4xx_adc.o(.text)
    ADC_ClearITPendingBit                    0x08001df7   Thumb Code    10  stm32f4xx_adc.o(.text)
    DMA_DeInit                               0x08001e01   Thumb Code   324  stm32f4xx_dma.o(.text)
    DMA_Init                                 0x08001f45   Thumb Code    82  stm32f4xx_dma.o(.text)
    DMA_StructInit                           0x08001f97   Thumb Code    34  stm32f4xx_dma.o(.text)
    DMA_Cmd                                  0x08001fb9   Thumb Code    22  stm32f4xx_dma.o(.text)
    DMA_PeriphIncOffsetSizeConfig            0x08001fcf   Thumb Code    22  stm32f4xx_dma.o(.text)
    DMA_FlowControllerConfig                 0x08001fe5   Thumb Code    22  stm32f4xx_dma.o(.text)
    DMA_SetCurrDataCounter                   0x08001ffb   Thumb Code     4  stm32f4xx_dma.o(.text)
    DMA_GetCurrDataCounter                   0x08001fff   Thumb Code     8  stm32f4xx_dma.o(.text)
    DMA_DoubleBufferModeConfig               0x08002007   Thumb Code    24  stm32f4xx_dma.o(.text)
    DMA_DoubleBufferModeCmd                  0x0800201f   Thumb Code    22  stm32f4xx_dma.o(.text)
    DMA_MemoryTargetConfig                   0x08002035   Thumb Code    10  stm32f4xx_dma.o(.text)
    DMA_GetCurrentMemoryTarget               0x0800203f   Thumb Code    20  stm32f4xx_dma.o(.text)
    DMA_GetCmdStatus                         0x08002053   Thumb Code    20  stm32f4xx_dma.o(.text)
    DMA_GetFIFOStatus                        0x08002067   Thumb Code    12  stm32f4xx_dma.o(.text)
    DMA_GetFlagStatus                        0x08002073   Thumb Code    54  stm32f4xx_dma.o(.text)
    DMA_ClearFlag                            0x080020a9   Thumb Code    40  stm32f4xx_dma.o(.text)
    DMA_ITConfig                             0x080020d1   Thumb Code    58  stm32f4xx_dma.o(.text)
    DMA_GetITStatus                          0x0800210b   Thumb Code    82  stm32f4xx_dma.o(.text)
    DMA_ClearITPendingBit                    0x0800215d   Thumb Code    40  stm32f4xx_dma.o(.text)
    EXTI_DeInit                              0x080021a5   Thumb Code    28  stm32f4xx_exti.o(.text)
    EXTI_Init                                0x080021c1   Thumb Code   142  stm32f4xx_exti.o(.text)
    EXTI_StructInit                          0x0800224f   Thumb Code    16  stm32f4xx_exti.o(.text)
    EXTI_GenerateSWInterrupt                 0x0800225f   Thumb Code    16  stm32f4xx_exti.o(.text)
    EXTI_GetFlagStatus                       0x0800226f   Thumb Code    22  stm32f4xx_exti.o(.text)
    EXTI_ClearFlag                           0x08002285   Thumb Code     8  stm32f4xx_exti.o(.text)
    EXTI_GetITStatus                         0x0800228d   Thumb Code    34  stm32f4xx_exti.o(.text)
    EXTI_ClearITPendingBit                   0x080022af   Thumb Code     8  stm32f4xx_exti.o(.text)
    GPIO_DeInit                              0x080022c1   Thumb Code   220  stm32f4xx_gpio.o(.text)
    GPIO_Init                                0x0800239d   Thumb Code   144  stm32f4xx_gpio.o(.text)
    GPIO_StructInit                          0x0800242d   Thumb Code    18  stm32f4xx_gpio.o(.text)
    GPIO_PinLockConfig                       0x0800243f   Thumb Code    34  stm32f4xx_gpio.o(.text)
    GPIO_ReadInputDataBit                    0x08002461   Thumb Code    18  stm32f4xx_gpio.o(.text)
    GPIO_ReadInputData                       0x08002473   Thumb Code     8  stm32f4xx_gpio.o(.text)
    GPIO_ReadOutputDataBit                   0x0800247b   Thumb Code    18  stm32f4xx_gpio.o(.text)
    GPIO_ReadOutputData                      0x0800248d   Thumb Code     8  stm32f4xx_gpio.o(.text)
    GPIO_SetBits                             0x08002495   Thumb Code     4  stm32f4xx_gpio.o(.text)
    GPIO_ResetBits                           0x08002499   Thumb Code     4  stm32f4xx_gpio.o(.text)
    GPIO_WriteBit                            0x0800249d   Thumb Code    10  stm32f4xx_gpio.o(.text)
    GPIO_Write                               0x080024a7   Thumb Code     4  stm32f4xx_gpio.o(.text)
    GPIO_ToggleBits                          0x080024ab   Thumb Code     8  stm32f4xx_gpio.o(.text)
    GPIO_PinAFConfig                         0x080024b3   Thumb Code    70  stm32f4xx_gpio.o(.text)
    RCC_DeInit                               0x0800251d   Thumb Code    60  stm32f4xx_rcc.o(.text)
    RCC_HSEConfig                            0x08002559   Thumb Code    14  stm32f4xx_rcc.o(.text)
    RCC_GetFlagStatus                        0x08002567   Thumb Code    60  stm32f4xx_rcc.o(.text)
    RCC_WaitForHSEStartUp                    0x080025a3   Thumb Code    56  stm32f4xx_rcc.o(.text)
    RCC_AdjustHSICalibrationValue            0x080025db   Thumb Code    20  stm32f4xx_rcc.o(.text)
    RCC_HSICmd                               0x080025ef   Thumb Code     6  stm32f4xx_rcc.o(.text)
    RCC_LSEConfig                            0x080025f5   Thumb Code    46  stm32f4xx_rcc.o(.text)
    RCC_LSICmd                               0x08002623   Thumb Code     6  stm32f4xx_rcc.o(.text)
    RCC_PLLConfig                            0x08002629   Thumb Code    32  stm32f4xx_rcc.o(.text)
    RCC_PLLCmd                               0x08002649   Thumb Code     6  stm32f4xx_rcc.o(.text)
    RCC_PLLI2SConfig                         0x0800264f   Thumb Code    14  stm32f4xx_rcc.o(.text)
    RCC_PLLI2SCmd                            0x0800265d   Thumb Code     6  stm32f4xx_rcc.o(.text)
    RCC_ClockSecuritySystemCmd               0x08002663   Thumb Code     6  stm32f4xx_rcc.o(.text)
    RCC_MCO1Config                           0x08002669   Thumb Code    28  stm32f4xx_rcc.o(.text)
    RCC_MCO2Config                           0x08002685   Thumb Code    28  stm32f4xx_rcc.o(.text)
    RCC_SYSCLKConfig                         0x080026a1   Thumb Code    20  stm32f4xx_rcc.o(.text)
    RCC_GetSYSCLKSource                      0x080026b5   Thumb Code    12  stm32f4xx_rcc.o(.text)
    RCC_HCLKConfig                           0x080026c1   Thumb Code    20  stm32f4xx_rcc.o(.text)
    RCC_PCLK1Config                          0x080026d5   Thumb Code    20  stm32f4xx_rcc.o(.text)
    RCC_PCLK2Config                          0x080026e9   Thumb Code    22  stm32f4xx_rcc.o(.text)
    RCC_GetClocksFreq                        0x080026ff   Thumb Code   222  stm32f4xx_rcc.o(.text)
    RCC_RTCCLKConfig                         0x080027dd   Thumb Code    54  stm32f4xx_rcc.o(.text)
    RCC_RTCCLKCmd                            0x08002813   Thumb Code     8  stm32f4xx_rcc.o(.text)
    RCC_BackupResetCmd                       0x0800281b   Thumb Code     8  stm32f4xx_rcc.o(.text)
    RCC_I2SCLKConfig                         0x08002823   Thumb Code     6  stm32f4xx_rcc.o(.text)
    RCC_AHB1PeriphClockCmd                   0x08002829   Thumb Code    34  stm32f4xx_rcc.o(.text)
    RCC_AHB2PeriphClockCmd                   0x0800284b   Thumb Code    34  stm32f4xx_rcc.o(.text)
    RCC_AHB3PeriphClockCmd                   0x0800286d   Thumb Code    34  stm32f4xx_rcc.o(.text)
    RCC_APB1PeriphClockCmd                   0x0800288f   Thumb Code    34  stm32f4xx_rcc.o(.text)
    RCC_APB2PeriphClockCmd                   0x080028b1   Thumb Code    34  stm32f4xx_rcc.o(.text)
    RCC_AHB1PeriphResetCmd                   0x080028d3   Thumb Code    34  stm32f4xx_rcc.o(.text)
    RCC_AHB2PeriphResetCmd                   0x080028f5   Thumb Code    72  stm32f4xx_rcc.o(.text)
    RCC_AHB3PeriphResetCmd                   0x0800293d   Thumb Code    34  stm32f4xx_rcc.o(.text)
    RCC_APB1PeriphResetCmd                   0x0800295f   Thumb Code    34  stm32f4xx_rcc.o(.text)
    RCC_APB2PeriphResetCmd                   0x08002981   Thumb Code    34  stm32f4xx_rcc.o(.text)
    RCC_AHB1PeriphClockLPModeCmd             0x080029a3   Thumb Code    34  stm32f4xx_rcc.o(.text)
    RCC_AHB2PeriphClockLPModeCmd             0x080029c5   Thumb Code    34  stm32f4xx_rcc.o(.text)
    RCC_AHB3PeriphClockLPModeCmd             0x080029e7   Thumb Code    34  stm32f4xx_rcc.o(.text)
    RCC_APB1PeriphClockLPModeCmd             0x08002a09   Thumb Code    34  stm32f4xx_rcc.o(.text)
    RCC_APB2PeriphClockLPModeCmd             0x08002a2b   Thumb Code    34  stm32f4xx_rcc.o(.text)
    RCC_ITConfig                             0x08002a4d   Thumb Code    34  stm32f4xx_rcc.o(.text)
    RCC_ClearFlag                            0x08002a6f   Thumb Code    18  stm32f4xx_rcc.o(.text)
    RCC_GetITStatus                          0x08002a81   Thumb Code    22  stm32f4xx_rcc.o(.text)
    RCC_ClearITPendingBit                    0x08002a97   Thumb Code     8  stm32f4xx_rcc.o(.text)
    SPI_I2S_DeInit                           0x08002aa5   Thumb Code    76  stm32f4xx_spi.o(.text)
    SPI_Init                                 0x08002af1   Thumb Code    60  stm32f4xx_spi.o(.text)
    I2S_Init                                 0x08002b2d   Thumb Code   346  stm32f4xx_spi.o(.text)
    SPI_StructInit                           0x08002c87   Thumb Code    24  stm32f4xx_spi.o(.text)
    I2S_StructInit                           0x08002c9f   Thumb Code    20  stm32f4xx_spi.o(.text)
    SPI_Cmd                                  0x08002cb3   Thumb Code    24  stm32f4xx_spi.o(.text)
    I2S_Cmd                                  0x08002ccb   Thumb Code    24  stm32f4xx_spi.o(.text)
    SPI_DataSizeConfig                       0x08002ce3   Thumb Code    18  stm32f4xx_spi.o(.text)
    SPI_BiDirectionalLineConfig              0x08002cf5   Thumb Code    28  stm32f4xx_spi.o(.text)
    SPI_NSSInternalSoftwareConfig            0x08002d11   Thumb Code    30  stm32f4xx_spi.o(.text)
    SPI_SSOutputCmd                          0x08002d2f   Thumb Code    24  stm32f4xx_spi.o(.text)
    SPI_TIModeCmd                            0x08002d47   Thumb Code    24  stm32f4xx_spi.o(.text)
    I2S_FullDuplexConfig                     0x08002d5f   Thumb Code    80  stm32f4xx_spi.o(.text)
    SPI_I2S_ReceiveData                      0x08002daf   Thumb Code     6  stm32f4xx_spi.o(.text)
    SPI_I2S_SendData                         0x08002db5   Thumb Code     4  stm32f4xx_spi.o(.text)
    SPI_CalculateCRC                         0x08002db9   Thumb Code    24  stm32f4xx_spi.o(.text)
    SPI_TransmitCRC                          0x08002dd1   Thumb Code    10  stm32f4xx_spi.o(.text)
    SPI_GetCRC                               0x08002ddb   Thumb Code    16  stm32f4xx_spi.o(.text)
    SPI_GetCRCPolynomial                     0x08002deb   Thumb Code     6  stm32f4xx_spi.o(.text)
    SPI_I2S_DMACmd                           0x08002df1   Thumb Code    18  stm32f4xx_spi.o(.text)
    SPI_I2S_ITConfig                         0x08002e03   Thumb Code    32  stm32f4xx_spi.o(.text)
    SPI_I2S_GetFlagStatus                    0x08002e23   Thumb Code    18  stm32f4xx_spi.o(.text)
    SPI_I2S_ClearFlag                        0x08002e35   Thumb Code     6  stm32f4xx_spi.o(.text)
    SPI_I2S_GetITStatus                      0x08002e3b   Thumb Code    52  stm32f4xx_spi.o(.text)
    SPI_I2S_ClearITPendingBit                0x08002e6f   Thumb Code    20  stm32f4xx_spi.o(.text)
    SYSCFG_DeInit                            0x08002e99   Thumb Code    22  stm32f4xx_syscfg.o(.text)
    SYSCFG_MemoryRemapConfig                 0x08002eaf   Thumb Code     6  stm32f4xx_syscfg.o(.text)
    SYSCFG_EXTILineConfig                    0x08002eb5   Thumb Code    66  stm32f4xx_syscfg.o(.text)
    SYSCFG_ETH_MediaInterfaceConfig          0x08002ef7   Thumb Code     6  stm32f4xx_syscfg.o(.text)
    SYSCFG_CompensationCellCmd               0x08002efd   Thumb Code     6  stm32f4xx_syscfg.o(.text)
    SYSCFG_GetCompensationCellStatus         0x08002f03   Thumb Code    22  stm32f4xx_syscfg.o(.text)
    TIM_DeInit                               0x08002f25   Thumb Code   346  stm32f4xx_tim.o(.text)
    TIM_TimeBaseInit                         0x0800307f   Thumb Code   104  stm32f4xx_tim.o(.text)
    TIM_TimeBaseStructInit                   0x080030e7   Thumb Code    18  stm32f4xx_tim.o(.text)
    TIM_PrescalerConfig                      0x080030f9   Thumb Code     6  stm32f4xx_tim.o(.text)
    TIM_CounterModeConfig                    0x080030ff   Thumb Code    18  stm32f4xx_tim.o(.text)
    TIM_SetCounter                           0x08003111   Thumb Code     4  stm32f4xx_tim.o(.text)
    TIM_SetAutoreload                        0x08003115   Thumb Code     4  stm32f4xx_tim.o(.text)
    TIM_GetCounter                           0x08003119   Thumb Code     6  stm32f4xx_tim.o(.text)
    TIM_GetPrescaler                         0x0800311f   Thumb Code     6  stm32f4xx_tim.o(.text)
    TIM_UpdateDisableConfig                  0x08003125   Thumb Code    24  stm32f4xx_tim.o(.text)
    TIM_UpdateRequestConfig                  0x0800313d   Thumb Code    24  stm32f4xx_tim.o(.text)
    TIM_ARRPreloadConfig                     0x08003155   Thumb Code    24  stm32f4xx_tim.o(.text)
    TIM_SelectOnePulseMode                   0x0800316d   Thumb Code    18  stm32f4xx_tim.o(.text)
    TIM_SetClockDivision                     0x0800317f   Thumb Code    18  stm32f4xx_tim.o(.text)
    TIM_Cmd                                  0x08003191   Thumb Code    24  stm32f4xx_tim.o(.text)
    TIM_OC1Init                              0x080031a9   Thumb Code   114  stm32f4xx_tim.o(.text)
    TIM_OC2Init                              0x0800321b   Thumb Code   154  stm32f4xx_tim.o(.text)
    TIM_OC3Init                              0x080032b5   Thumb Code   204  stm32f4xx_tim.o(.text)
    TIM_OC4Init                              0x08003381   Thumb Code   112  stm32f4xx_tim.o(.text)
    TIM_OCStructInit                         0x080033f1   Thumb Code    20  stm32f4xx_tim.o(.text)
    TIM_SelectOCxM                           0x08003405   Thumb Code    86  stm32f4xx_tim.o(.text)
    TIM_SetCompare1                          0x0800345b   Thumb Code     4  stm32f4xx_tim.o(.text)
    TIM_SetCompare2                          0x0800345f   Thumb Code     4  stm32f4xx_tim.o(.text)
    TIM_SetCompare3                          0x08003463   Thumb Code     4  stm32f4xx_tim.o(.text)
    TIM_SetCompare4                          0x08003467   Thumb Code     4  stm32f4xx_tim.o(.text)
    TIM_ForcedOC1Config                      0x0800346b   Thumb Code    18  stm32f4xx_tim.o(.text)
    TIM_ForcedOC2Config                      0x0800347d   Thumb Code    26  stm32f4xx_tim.o(.text)
    TIM_ForcedOC3Config                      0x08003497   Thumb Code    18  stm32f4xx_tim.o(.text)
    TIM_ForcedOC4Config                      0x080034a9   Thumb Code    26  stm32f4xx_tim.o(.text)
    TIM_OC1PreloadConfig                     0x080034c3   Thumb Code    18  stm32f4xx_tim.o(.text)
    TIM_OC2PreloadConfig                     0x080034d5   Thumb Code    26  stm32f4xx_tim.o(.text)
    TIM_OC3PreloadConfig                     0x080034ef   Thumb Code    18  stm32f4xx_tim.o(.text)
    TIM_OC4PreloadConfig                     0x08003501   Thumb Code    26  stm32f4xx_tim.o(.text)
    TIM_OC1FastConfig                        0x0800351b   Thumb Code    18  stm32f4xx_tim.o(.text)
    TIM_OC2FastConfig                        0x0800352d   Thumb Code    26  stm32f4xx_tim.o(.text)
    TIM_OC3FastConfig                        0x08003547   Thumb Code    18  stm32f4xx_tim.o(.text)
    TIM_OC4FastConfig                        0x08003559   Thumb Code    26  stm32f4xx_tim.o(.text)
    TIM_ClearOC1Ref                          0x08003573   Thumb Code    18  stm32f4xx_tim.o(.text)
    TIM_ClearOC2Ref                          0x08003585   Thumb Code    24  stm32f4xx_tim.o(.text)
    TIM_ClearOC3Ref                          0x0800359d   Thumb Code    18  stm32f4xx_tim.o(.text)
    TIM_ClearOC4Ref                          0x080035af   Thumb Code    24  stm32f4xx_tim.o(.text)
    TIM_OC1PolarityConfig                    0x080035c7   Thumb Code    18  stm32f4xx_tim.o(.text)
    TIM_OC1NPolarityConfig                   0x080035d9   Thumb Code    18  stm32f4xx_tim.o(.text)
    TIM_OC2PolarityConfig                    0x080035eb   Thumb Code    26  stm32f4xx_tim.o(.text)
    TIM_OC2NPolarityConfig                   0x08003605   Thumb Code    26  stm32f4xx_tim.o(.text)
    TIM_OC3PolarityConfig                    0x0800361f   Thumb Code    26  stm32f4xx_tim.o(.text)
    TIM_OC3NPolarityConfig                   0x08003639   Thumb Code    26  stm32f4xx_tim.o(.text)
    TIM_OC4PolarityConfig                    0x08003653   Thumb Code    26  stm32f4xx_tim.o(.text)
    TIM_CCxCmd                               0x0800366d   Thumb Code    30  stm32f4xx_tim.o(.text)
    TIM_CCxNCmd                              0x0800368b   Thumb Code    30  stm32f4xx_tim.o(.text)
    TIM_SetIC4Prescaler                      0x080036a9   Thumb Code    26  stm32f4xx_tim.o(.text)
    TIM_SetIC3Prescaler                      0x08003713   Thumb Code    18  stm32f4xx_tim.o(.text)
    TIM_SetIC2Prescaler                      0x0800376d   Thumb Code    26  stm32f4xx_tim.o(.text)
    TIM_SetIC1Prescaler                      0x080037e1   Thumb Code    18  stm32f4xx_tim.o(.text)
    TIM_ICInit                               0x0800382d   Thumb Code   110  stm32f4xx_tim.o(.text)
    TIM_ICStructInit                         0x0800389b   Thumb Code    18  stm32f4xx_tim.o(.text)
    TIM_PWMIConfig                           0x080038ad   Thumb Code   124  stm32f4xx_tim.o(.text)
    TIM_GetCapture1                          0x08003929   Thumb Code     6  stm32f4xx_tim.o(.text)
    TIM_GetCapture2                          0x0800392f   Thumb Code     6  stm32f4xx_tim.o(.text)
    TIM_GetCapture3                          0x08003935   Thumb Code     6  stm32f4xx_tim.o(.text)
    TIM_GetCapture4                          0x0800393b   Thumb Code     6  stm32f4xx_tim.o(.text)
    TIM_BDTRConfig                           0x08003941   Thumb Code    32  stm32f4xx_tim.o(.text)
    TIM_BDTRStructInit                       0x08003961   Thumb Code    18  stm32f4xx_tim.o(.text)
    TIM_CtrlPWMOutputs                       0x08003973   Thumb Code    30  stm32f4xx_tim.o(.text)
    TIM_SelectCOM                            0x08003991   Thumb Code    24  stm32f4xx_tim.o(.text)
    TIM_CCPreloadControl                     0x080039a9   Thumb Code    24  stm32f4xx_tim.o(.text)
    TIM_ITConfig                             0x080039c1   Thumb Code    18  stm32f4xx_tim.o(.text)
    TIM_GenerateEvent                        0x080039d3   Thumb Code     4  stm32f4xx_tim.o(.text)
    TIM_GetFlagStatus                        0x080039d7   Thumb Code    18  stm32f4xx_tim.o(.text)
    TIM_ClearFlag                            0x080039e9   Thumb Code     6  stm32f4xx_tim.o(.text)
    TIM_GetITStatus                          0x080039ef   Thumb Code    34  stm32f4xx_tim.o(.text)
    TIM_ClearITPendingBit                    0x08003a11   Thumb Code     6  stm32f4xx_tim.o(.text)
    TIM_DMAConfig                            0x08003a17   Thumb Code    10  stm32f4xx_tim.o(.text)
    TIM_DMACmd                               0x08003a21   Thumb Code    18  stm32f4xx_tim.o(.text)
    TIM_SelectCCDMA                          0x08003a33   Thumb Code    24  stm32f4xx_tim.o(.text)
    TIM_InternalClockConfig                  0x08003a4b   Thumb Code    12  stm32f4xx_tim.o(.text)
    TIM_SelectInputTrigger                   0x08003a57   Thumb Code    18  stm32f4xx_tim.o(.text)
    TIM_ITRxExternalClockConfig              0x08003a69   Thumb Code    24  stm32f4xx_tim.o(.text)
    TIM_TIxExternalClockConfig               0x08003a81   Thumb Code    62  stm32f4xx_tim.o(.text)
    TIM_ETRConfig                            0x08003abf   Thumb Code    28  stm32f4xx_tim.o(.text)
    TIM_ETRClockMode1Config                  0x08003adb   Thumb Code    54  stm32f4xx_tim.o(.text)
    TIM_ETRClockMode2Config                  0x08003b11   Thumb Code    32  stm32f4xx_tim.o(.text)
    TIM_SelectOutputTrigger                  0x08003b31   Thumb Code    18  stm32f4xx_tim.o(.text)
    TIM_SelectSlaveMode                      0x08003b43   Thumb Code    18  stm32f4xx_tim.o(.text)
    TIM_SelectMasterSlaveMode                0x08003b55   Thumb Code    18  stm32f4xx_tim.o(.text)
    TIM_EncoderInterfaceConfig               0x08003b67   Thumb Code    66  stm32f4xx_tim.o(.text)
    TIM_SelectHallSensor                     0x08003ba9   Thumb Code    24  stm32f4xx_tim.o(.text)
    TIM_RemapConfig                          0x08003bc1   Thumb Code     6  stm32f4xx_tim.o(.text)
    __aeabi_dmul                             0x08003bc7   Thumb Code   228  dmul.o(.text)
    __aeabi_ddiv                             0x08003cab   Thumb Code   222  ddiv.o(.text)
    __aeabi_f2d                              0x08003d89   Thumb Code    38  f2d.o(.text)
    __aeabi_cdcmpeq                          0x08003db1   Thumb Code     0  cdcmple.o(.text)
    __aeabi_cdcmple                          0x08003db1   Thumb Code    38  cdcmple.o(.text)
    __aeabi_d2f                              0x08003dd9   Thumb Code    56  d2f.o(.text)
    __I$use$fp                               0x08003e11   Thumb Code     0  iusefp.o(.text)
    _float_round                             0x08003e11   Thumb Code    18  fepilogue.o(.text)
    _float_epilogue                          0x08003e23   Thumb Code    90  fepilogue.o(.text)
    _double_round                            0x08003e7d   Thumb Code    26  depilogue.o(.text)
    _double_epilogue                         0x08003e97   Thumb Code   164  depilogue.o(.text)
    __aeabi_dadd                             0x08003f3b   Thumb Code   322  dadd.o(.text)
    __aeabi_dsub                             0x0800407d   Thumb Code     6  dadd.o(.text)
    __aeabi_drsub                            0x08004083   Thumb Code     6  dadd.o(.text)
    _dsqrt                                   0x08004089   Thumb Code   162  dsqrt.o(.text)
    __scatterload                            0x0800412d   Thumb Code    28  init.o(.text)
    __scatterload_rt2                        0x0800412d   Thumb Code     0  init.o(.text)
    __aeabi_llsl                             0x08004151   Thumb Code    30  llshl.o(.text)
    _ll_shift_l                              0x08004151   Thumb Code     0  llshl.o(.text)
    __aeabi_llsr                             0x0800416f   Thumb Code    32  llushr.o(.text)
    _ll_ushift_r                             0x0800416f   Thumb Code     0  llushr.o(.text)
    __aeabi_lasr                             0x0800418f   Thumb Code    36  llsshr.o(.text)
    _ll_sshift_r                             0x0800418f   Thumb Code     0  llsshr.o(.text)
    SVC_Count                                0x080041b4   Data           4  SVC_Table.o(SVC_TABLE)
    SVC_Table                                0x080041b8   Data           0  SVC_Table.o(SVC_TABLE)
    __ARM_fpclassify                         0x080041b9   Thumb Code    48  fpclassify.o(i.__ARM_fpclassify)
    __hardfp_atan                            0x080041e9   Thumb Code   636  atan.o(i.__hardfp_atan)
    __hardfp_fabs                            0x080044d1   Thumb Code    20  fabs.o(i.__hardfp_fabs)
    __hardfp_sqrt                            0x080044e5   Thumb Code   122  sqrt.o(i.__hardfp_sqrt)
    __kernel_poly                            0x0800455f   Thumb Code   248  poly.o(i.__kernel_poly)
    __mathlib_dbl_underflow                  0x08004659   Thumb Code    24  dunder.o(i.__mathlib_dbl_underflow)
    __scatterload_copy                       0x08004679   Thumb Code    14  handlers.o(i.__scatterload_copy)
    __scatterload_null                       0x08004687   Thumb Code     2  handlers.o(i.__scatterload_null)
    __scatterload_zeroinit                   0x08004689   Thumb Code    14  handlers.o(i.__scatterload_zeroinit)
    __set_errno                              0x08004699   Thumb Code     6  errno.o(i.__set_errno)
    _init_box                                0x080046a5   Thumb Code    70  rt_membox.o(i._init_box)
    dbg_init                                 0x080046ed   Thumb Code    34  hal_cm.o(i.dbg_init)
    dbg_task_notify                          0x0800471d   Thumb Code    32  hal_cm.o(i.dbg_task_notify)
    dbg_task_switch                          0x0800473d   Thumb Code    16  hal_cm.o(i.dbg_task_switch)
    fabs                                     0x0800474d   Thumb Code    32  fabs.o(i.fabs)
    isr_evt_set                              0x08004799   Thumb Code    34  rt_event.o(i.isr_evt_set)
    isr_mbx_receive                          0x080047c1   Thumb Code    80  rt_mailbox.o(i.isr_mbx_receive)
    isr_mbx_send                             0x08004811   Thumb Code    14  rt_mailbox.o(i.isr_mbx_send)
    isr_sem_send                             0x0800481f   Thumb Code    16  rt_semaphore.o(i.isr_sem_send)
    osDelay                                  0x08004831   Thumb Code    18  rt_cmsis.o(i.osDelay)
    osKernelStart                            0x08004849   Thumb Code    94  rt_cmsis.o(i.osKernelStart)
    osMessageGet                             0x080048b1   Thumb Code    64  rt_cmsis.o(i.osMessageGet)
    osSemaphoreRelease                       0x080048f5   Thumb Code    42  rt_cmsis.o(i.osSemaphoreRelease)
    osSemaphoreWait                          0x08004925   Thumb Code    20  rt_cmsis.o(i.osSemaphoreWait)
    osSignalSet                              0x0800493d   Thumb Code    48  rt_cmsis.o(i.osSignalSet)
    osSignalWait                             0x08004971   Thumb Code    18  rt_cmsis.o(i.osSignalWait)
    osThreadCreate                           0x08004989   Thumb Code    18  rt_cmsis.o(i.osThreadCreate)
    osThreadExit                             0x080049a1   Thumb Code    14  rt_cmsis.o(i.osThreadExit)
    osTimerCall                              0x080049b9   Thumb Code     8  rt_cmsis.o(i.osTimerCall)
    osTimerThread                            0x080049c5   Thumb Code    38  rt_cmsis.o(i.osTimerThread)
    rt_alloc_box                             0x080049f1   Thumb Code    28  rt_membox.o(i.rt_alloc_box)
    rt_alloc_mem                             0x08004a0d   Thumb Code    60  rt_memory.o(i.rt_alloc_mem)
    rt_block                                 0x08004a49   Thumb Code    48  rt_task.o(i.rt_block)
    rt_chk_robin                             0x08004a81   Thumb Code    58  rt_robin.o(i.rt_chk_robin)
    rt_dec_dly                               0x08004ac9   Thumb Code   102  rt_list.o(i.rt_dec_dly)
    rt_dispatch                              0x08004b39   Thumb Code    60  rt_task.o(i.rt_dispatch)
    rt_dly_wait                              0x08004b7d   Thumb Code     6  rt_time.o(i.rt_dly_wait)
    rt_evt_psh                               0x08004b85   Thumb Code    76  rt_event.o(i.rt_evt_psh)
    rt_evt_set                               0x08004bd5   Thumb Code    88  rt_event.o(i.rt_evt_set)
    rt_evt_wait                              0x08004c31   Thumb Code    58  rt_event.o(i.rt_evt_wait)
    rt_free_box                              0x08004c71   Thumb Code    32  rt_membox.o(i.rt_free_box)
    rt_free_mem                              0x08004c91   Thumb Code    40  rt_memory.o(i.rt_free_mem)
    rt_get_first                             0x08004cb9   Thumb Code    40  rt_list.o(i.rt_get_first)
    rt_init_mem                              0x08004d29   Thumb Code    26  rt_memory.o(i.rt_init_mem)
    rt_init_robin                            0x08004d45   Thumb Code    14  rt_robin.o(i.rt_init_robin)
    rt_init_stack                            0x08004d5d   Thumb Code    70  hal_cm.o(i.rt_init_stack)
    rt_mbx_check                             0x08004dad   Thumb Code     8  rt_mailbox.o(i.rt_mbx_check)
    rt_mbx_init                              0x08004db5   Thumb Code    26  rt_mailbox.o(i.rt_mbx_init)
    rt_mbx_psh                               0x08004dd1   Thumb Code   248  rt_mailbox.o(i.rt_mbx_psh)
    rt_mbx_wait                              0x08004ecd   Thumb Code   174  rt_mailbox.o(i.rt_mbx_wait)
    rt_pop_req                               0x08004fbd   Thumb Code   106  rt_system.o(i.rt_pop_req)
    rt_psh_req                               0x08005035   Thumb Code    22  rt_system.o(i.rt_psh_req)
    rt_psq_enq                               0x08005055   Thumb Code    82  rt_list.o(i.rt_psq_enq)
    rt_put_dly                               0x080050ad   Thumb Code    88  rt_list.o(i.rt_put_dly)
    rt_put_prio                              0x08005109   Thumb Code    56  rt_list.o(i.rt_put_prio)
    rt_put_rdy_first                         0x08005141   Thumb Code    14  rt_list.o(i.rt_put_rdy_first)
    rt_ret_val                               0x08005165   Thumb Code    12  hal_cm.o(i.rt_ret_val)
    rt_ret_val2                              0x08005171   Thumb Code    16  hal_cm.o(i.rt_ret_val2)
    rt_rmv_dly                               0x08005181   Thumb Code    40  rt_list.o(i.rt_rmv_dly)
    rt_rmv_list                              0x080051a9   Thumb Code    44  rt_list.o(i.rt_rmv_list)
    rt_sem_psh                               0x080051d9   Thumb Code    48  rt_semaphore.o(i.rt_sem_psh)
    rt_sem_send                              0x0800520d   Thumb Code    42  rt_semaphore.o(i.rt_sem_send)
    rt_sem_wait                              0x08005239   Thumb Code    56  rt_semaphore.o(i.rt_sem_wait)
    rt_stk_check                             0x08005275   Thumb Code    28  rt_system.o(i.rt_stk_check)
    rt_switch_req                            0x08005299   Thumb Code    30  rt_task.o(i.rt_switch_req)
    rt_sys_init                              0x080052c1   Thumb Code   242  rt_task.o(i.rt_sys_init)
    rt_systick                               0x08005401   Thumb Code    48  rt_system.o(i.rt_systick)
    rt_tsk_create                            0x0800548d   Thumb Code   112  rt_task.o(i.rt_tsk_create)
    rt_tsk_delete                            0x0800550d   Thumb Code   146  rt_task.o(i.rt_tsk_delete)
    rt_tsk_self                              0x080055b9   Thumb Code    12  rt_task.o(i.rt_tsk_self)
    svcDelay                                 0x080055c9   Thumb Code    20  rt_cmsis.o(i.svcDelay)
    svcKernelStart                           0x080055dd   Thumb Code   174  rt_cmsis.o(i.svcKernelStart)
    svcMessageCreate                         0x080056b1   Thumb Code    36  rt_cmsis.o(i.svcMessageCreate)
    svcMessageGet                            0x080056d5   Thumb Code    58  rt_cmsis.o(i.svcMessageGet)
    svcSemaphoreRelease                      0x0800570f   Thumb Code    26  rt_cmsis.o(i.svcSemaphoreRelease)
    svcSemaphoreWait                         0x08005729   Thumb Code    54  rt_cmsis.o(i.svcSemaphoreWait)
    svcSignalSet                             0x0800575f   Thumb Code    36  rt_cmsis.o(i.svcSignalSet)
    svcSignalWait                            0x08005785   Thumb Code    80  rt_cmsis.o(i.svcSignalWait)
    svcThreadCreate                          0x080057d9   Thumb Code   100  rt_cmsis.o(i.svcThreadCreate)
    svcThreadGetId                           0x08005849   Thumb Code    22  rt_cmsis.o(i.svcThreadGetId)
    svcThreadTerminate                       0x08005865   Thumb Code    52  rt_cmsis.o(i.svcThreadTerminate)
    svcTimerCall                             0x0800589d   Thumb Code    24  rt_cmsis.o(i.svcTimerCall)
    sysTimerTick                             0x080058b5   Thumb Code    76  rt_cmsis.o(i.sysTimerTick)
    os_maxtaskrun                            0x08005908   Data           2  rtx_conf_cm.o(.constdata)
    os_stackinfo                             0x0800590c   Data           4  rtx_conf_cm.o(.constdata)
    os_rrobin                                0x08005910   Data           4  rtx_conf_cm.o(.constdata)
    os_trv                                   0x08005914   Data           4  rtx_conf_cm.o(.constdata)
    os_flags                                 0x08005918   Data           1  rtx_conf_cm.o(.constdata)
    os_clockrate                             0x0800591c   Data           4  rtx_conf_cm.o(.constdata)
    os_timernum                              0x08005920   Data           4  rtx_conf_cm.o(.constdata)
    mp_tcb_size                              0x08005924   Data           2  rtx_conf_cm.o(.constdata)
    mp_stk_size                              0x08005928   Data           4  rtx_conf_cm.o(.constdata)
    os_stack_sz                              0x0800592c   Data           4  rtx_conf_cm.o(.constdata)
    os_fifo_size                             0x08005930   Data           1  rtx_conf_cm.o(.constdata)
    os_thread_def_osTimerThread              0x08005934   Data          16  rtx_conf_cm.o(.constdata)
    os_messageQ_def_osTimerMessageQ          0x08005944   Data           8  rtx_conf_cm.o(.constdata)
    mp_tmr_size                              0x0800594c   Data           2  rtx_conf_cm.o(.constdata)
    os_thread_def_main                       0x08005950   Data          16  rtx_conf_cm.o(.constdata)
    os_semaphore_def_temeprature_lock        0x08005960   Data           4  temperature_sensor.o(.constdata)
    os_thread_def_temperature_sensor_thread  0x08005964   Data          16  temperature_sensor.o(.constdata)
    os_semaphore_def_all_axes                0x08005974   Data           4  accelerometer.o(.constdata)
    os_semaphore_def_all_raw_axes            0x08005978   Data           4  accelerometer.o(.constdata)
    os_semaphore_def_all_angles              0x0800597c   Data           4  accelerometer.o(.constdata)
    os_thread_def_accelerometer_thread       0x08005980   Data          16  accelerometer.o(.constdata)
    os_thread_def_modeHandler_thread         0x08005990   Data          16  modehandler.o(.constdata)
    os_thread_def_display_UI_thread          0x080059a0   Data          16  display_ui.o(.constdata)
    Region$$Table$$Base                      0x08005a48   Number         0  anon$$obj.o(Region$$Table)
    Region$$Table$$Limit                     0x08005a78   Number         0  anon$$obj.o(Region$$Table)
    mp_tcb                                   0x10000000   Data         348  rtx_conf_cm.o(.bss)
    mp_stk                                   0x10000160   Data        4816  rtx_conf_cm.o(.bss)
    os_stack_mem                             0x10001430   Data        1632  rtx_conf_cm.o(.bss)
    os_fifo                                  0x10001a90   Data         132  rtx_conf_cm.o(.bss)
    os_active_TCB                            0x10001b14   Data          28  rtx_conf_cm.o(.bss)
    os_messageQ_q_osTimerMessageQ            0x10001b30   Data          32  rtx_conf_cm.o(.bss)
    SystemCoreClock                          0x20000000   Data           4  system_stm32f4xx.o(.data)
    AHBPrescTable                            0x20000004   Data          16  system_stm32f4xx.o(.data)
    os_tmr                                   0x20000014   Data           4  rtx_conf_cm.o(.data)
    m_tmr                                    0x20000018   Data           4  rtx_conf_cm.o(.data)
    osThreadId_osTimerThread                 0x2000001c   Data           4  rtx_conf_cm.o(.data)
    osMessageQId_osTimerMessageQ             0x20000020   Data           4  rtx_conf_cm.o(.data)
    display_state                            0x20000024   Data           1  main.o(.data)
    accelerometer_tick                       0x20000028   Data           4  main.o(.data)
    accelerometer_data_ready                 0x2000002c   Data           4  main.o(.data)
    accSampled                               0x20000030   Data           4  main.o(.data)
    temperature_sensor_tick                  0x20000034   Data           4  main.o(.data)
    mode_handler_wake_up                     0x20000038   Data           4  main.o(.data)
    tid_accelerometer_thread                 0x20000040   Data           4  main.o(.data)
    tid_temp_sensor                          0x20000044   Data           4  main.o(.data)
    tid_modeHandler                          0x20000048   Data           4  main.o(.data)
    tid_display_UI                           0x2000004c   Data           4  main.o(.data)
    EXTI_InitStructure_button                0x20000050   Data           8  push_button.o(.data)
    temperature_lock                         0x20000060   Data           4  temperature_sensor.o(.data)
    os_semaphore_cb_temeprature_lock         0x20000064   Data           8  temperature_sensor.o(.data)
    LIS302DLTimeout                          0x2000006c   Data           4  stm32f4_discovery_lis302dl.o(.data)
    all_axes                                 0x20000078   Data           4  accelerometer.o(.data)
    os_semaphore_cb_all_axes                 0x2000007c   Data           8  accelerometer.o(.data)
    all_raw_axes                             0x20000084   Data           4  accelerometer.o(.data)
    os_semaphore_cb_all_raw_axes             0x20000088   Data           8  accelerometer.o(.data)
    all_angles                               0x20000090   Data           4  accelerometer.o(.data)
    os_semaphore_cb_all_angles               0x20000094   Data           8  accelerometer.o(.data)
    EXTI_InitStructure                       0x2000009c   Data           8  accelerometer.o(.data)
    read                                     0x200000cc   Data           4  movedetect.o(.data)
    os_timer_head                            0x200000e8   Data           4  rt_cmsis.o(.data)
    os_tsk                                   0x200000ec   Data           8  rt_task.o(.data)
    os_time                                  0x200000f8   Data           2  rt_time.o(.data)
    dbg_msg                                  0x200000fa   Data           1  hal_cm.o(.data)
    os_robin                                 0x200000fc   Data           8  rt_robin.o(.data)
    ma_x                                     0x20000108   Data          48  main.o(.bss)
    ma_y                                     0x20000138   Data          48  main.o(.bss)
    ma_z                                     0x20000168   Data          48  main.o(.bss)
    ma_temperature                           0x20000198   Data          48  main.o(.bss)
    DMA_InitStructure                        0x200001c8   Data          60  accelerometer.o(.bss)
    TIM_TimeBaseStructure                    0x2000021c   Data          12  timer.o(.bss)
    TIM_OCInitStructure                      0x20000228   Data          20  timer.o(.bss)
    axisAcc                                  0x2000023c   Data          12  movedetect.o(.bss)
    os_idle_TCB                              0x20000248   Data          48  rt_task.o(.bss)
    os_rdy                                   0x20000278   Data          24  rt_list.o(.bss)
    os_dly                                   0x20000290   Data          24  rt_list.o(.bss)
    __initial_sp                             0x200006a8   Data           0  startup_stm32f4xx.o(STACK)



==============================================================================

Memory Map of the image

  Image Entry point : 0x08000189

  Load Region LR_IROM1 (Base: 0x08000000, Size: 0x00005b80, Max: 0x00100000, ABSOLUTE)

    Execution Region ER_IROM1 (Base: 0x08000000, Size: 0x00005a78, Max: 0x00100000, ABSOLUTE)

    Base Addr    Size         Type   Attr      Idx    E Section Name        Object

    0x08000000   0x00000188   Data   RO          132    RESET               startup_stm32f4xx.o
    0x08000188   0x00000000   Code   RO         2395  * .ARM.Collect$$$$00000000  mc_w.l(entry.o)
    0x08000188   0x00000004   Code   RO         2414    .ARM.Collect$$$$00000001  mc_w.l(entry2.o)
    0x0800018c   0x00000004   Code   RO         2417    .ARM.Collect$$$$00000004  mc_w.l(entry5.o)
    0x08000190   0x00000000   Code   RO         2419    .ARM.Collect$$$$00000008  mc_w.l(entry7b.o)
    0x08000190   0x00000000   Code   RO         2421    .ARM.Collect$$$$0000000A  mc_w.l(entry8b.o)
    0x08000190   0x00000000   Code   RO         2422    .ARM.Collect$$$$0000000D  mc_w.l(entry10a.o)
    0x08000190   0x00000000   Code   RO         2424    .ARM.Collect$$$$0000000F  mc_w.l(entry11a.o)
    0x08000190   0x00000010   Code   RO          137    .ARM.Collect$$$$000000FF  rtx_conf_cm.o
    0x080001a0   0x00000004   Code   RO         2415    .ARM.Collect$$$$00002712  mc_w.l(entry2.o)
    0x080001a4   0x00000174   Code   RO         2350    .emb_text           RTX_CM4.lib(hal_cm4.o)
    0x08000318   0x0000020c   Code   RO            3    .text               system_stm32f4xx.o
    0x08000524   0x00000024   Code   RO          133    .text               startup_stm32f4xx.o
    0x08000548   0x00000008   Code   RO          138    .text               rtx_conf_cm.o
    0x08000550   0x000000d0   Code   RO          171    .text               main.o
    0x08000620   0x00000090   Code   RO          253    .text               push_button.o
    0x080006b0   0x00000120   Code   RO          279    .text               temperature_sensor.o
    0x080007d0   0x000003c0   Code   RO          398    .text               stm32f4_discovery_lis302dl.o
    0x08000b90   0x00000640   Code   RO          424    .text               accelerometer.o
    0x080011d0   0x00000074   Code   RO          463    .text               timer.o
    0x08001244   0x000000f0   Code   RO          487    .text               modehandler.o
    0x08001334   0x00000110   Code   RO          527    .text               led.o
    0x08001444   0x000000d4   Code   RO          547    .text               displaytemperature.o
    0x08001518   0x00000098   Code   RO          562    .text               displayedge.o
    0x080015b0   0x000000f8   Code   RO          576    .text               movedetect.o
    0x080016a8   0x00000154   Code   RO          598    .text               moving_average.o
    0x080017fc   0x000000b0   Code   RO          618    .text               display_ui.o
    0x080018ac   0x000000e4   Code   RO          643    .text               misc.o
    0x08001990   0x00000470   Code   RO          669    .text               stm32f4xx_adc.o
    0x08001e00   0x000003a4   Code   RO          881    .text               stm32f4xx_dma.o
    0x080021a4   0x0000011c   Code   RO          904    .text               stm32f4xx_exti.o
    0x080022c0   0x0000025c   Code   RO          973    .text               stm32f4xx_gpio.o
    0x0800251c   0x00000588   Code   RO         1122    .text               stm32f4xx_rcc.o
    0x08002aa4   0x000003f4   Code   RO         1213    .text               stm32f4xx_spi.o
    0x08002e98   0x0000008c   Code   RO         1236    .text               stm32f4xx_syscfg.o
    0x08002f24   0x00000ca2   Code   RO         1256    .text               stm32f4xx_tim.o
    0x08003bc6   0x000000e4   Code   RO         2398    .text               mf_w.l(dmul.o)
    0x08003caa   0x000000de   Code   RO         2400    .text               mf_w.l(ddiv.o)
    0x08003d88   0x00000026   Code   RO         2402    .text               mf_w.l(f2d.o)
    0x08003dae   0x00000002   PAD
    0x08003db0   0x00000028   Code   RO         2404    .text               mf_w.l(cdcmple.o)
    0x08003dd8   0x00000038   Code   RO         2406    .text               mf_w.l(d2f.o)
    0x08003e10   0x00000000   Code   RO         2433    .text               mc_w.l(iusefp.o)
    0x08003e10   0x0000006c   Code   RO         2434    .text               mf_w.l(fepilogue.o)
    0x08003e7c   0x000000be   Code   RO         2436    .text               mf_w.l(depilogue.o)
    0x08003f3a   0x0000014e   Code   RO         2438    .text               mf_w.l(dadd.o)
    0x08004088   0x000000a2   Code   RO         2442    .text               mf_w.l(dsqrt.o)
    0x0800412a   0x00000002   PAD
    0x0800412c   0x00000024   Code   RO         2444    .text               mc_w.l(init.o)
    0x08004150   0x0000001e   Code   RO         2446    .text               mc_w.l(llshl.o)
    0x0800416e   0x00000020   Code   RO         2448    .text               mc_w.l(llushr.o)
    0x0800418e   0x00000024   Code   RO         2450    .text               mc_w.l(llsshr.o)
    0x080041b2   0x00000002   PAD
    0x080041b4   0x00000004   Code   RO         2360    SVC_TABLE           RTX_CM4.lib(SVC_Table.o)
    0x080041b8   0x00000030   Code   RO         2410    i.__ARM_fpclassify  m_wm.l(fpclassify.o)
    0x080041e8   0x000002e8   Code   RO         2363    i.__hardfp_atan     m_wm.l(atan.o)
    0x080044d0   0x00000014   Code   RO         2377    i.__hardfp_fabs     m_wm.l(fabs.o)
    0x080044e4   0x0000007a   Code   RO         2383    i.__hardfp_sqrt     m_wm.l(sqrt.o)
    0x0800455e   0x000000f8   Code   RO         2412    i.__kernel_poly     m_wm.l(poly.o)
    0x08004656   0x00000002   PAD
    0x08004658   0x00000020   Code   RO         2408    i.__mathlib_dbl_underflow  m_wm.l(dunder.o)
    0x08004678   0x0000000e   Code   RO         2454    i.__scatterload_copy  mc_w.l(handlers.o)
    0x08004686   0x00000002   Code   RO         2455    i.__scatterload_null  mc_w.l(handlers.o)
    0x08004688   0x0000000e   Code   RO         2456    i.__scatterload_zeroinit  mc_w.l(handlers.o)
    0x08004696   0x00000002   PAD
    0x08004698   0x0000000c   Code   RO         2428    i.__set_errno       mc_w.l(errno.o)
    0x080046a4   0x00000046   Code   RO         2223    i._init_box         RTX_CM4.lib(rt_membox.o)
    0x080046ea   0x00000002   PAD
    0x080046ec   0x00000030   Code   RO         2276    i.dbg_init          RTX_CM4.lib(hal_cm.o)
    0x0800471c   0x00000020   Code   RO         2277    i.dbg_task_notify   RTX_CM4.lib(hal_cm.o)
    0x0800473c   0x00000010   Code   RO         2278    i.dbg_task_switch   RTX_CM4.lib(hal_cm.o)
    0x0800474c   0x00000020   Code   RO         2379    i.fabs              m_wm.l(fabs.o)
    0x0800476c   0x0000002c   Code   RO         1322    i.isrMessagePut     RTX_CM4.lib(rt_cmsis.o)
    0x08004798   0x00000028   Code   RO         1969    i.isr_evt_set       RTX_CM4.lib(rt_event.o)
    0x080047c0   0x00000050   Code   RO         2087    i.isr_mbx_receive   RTX_CM4.lib(rt_mailbox.o)
    0x08004810   0x0000000e   Code   RO         2088    i.isr_mbx_send      RTX_CM4.lib(rt_mailbox.o)
    0x0800481e   0x00000010   Code   RO         2135    i.isr_sem_send      RTX_CM4.lib(rt_semaphore.o)
    0x0800482e   0x00000002   PAD
    0x08004830   0x00000018   Code   RO         1323    i.osDelay           RTX_CM4.lib(rt_cmsis.o)
    0x08004848   0x00000068   Code   RO         1325    i.osKernelStart     RTX_CM4.lib(rt_cmsis.o)
    0x080048b0   0x00000044   Code   RO         1333    i.osMessageGet      RTX_CM4.lib(rt_cmsis.o)
    0x080048f4   0x00000030   Code   RO         1343    i.osSemaphoreRelease  RTX_CM4.lib(rt_cmsis.o)
    0x08004924   0x00000018   Code   RO         1344    i.osSemaphoreWait   RTX_CM4.lib(rt_cmsis.o)
    0x0800493c   0x00000034   Code   RO         1347    i.osSignalSet       RTX_CM4.lib(rt_cmsis.o)
    0x08004970   0x00000018   Code   RO         1348    i.osSignalWait      RTX_CM4.lib(rt_cmsis.o)
    0x08004988   0x00000018   Code   RO         1349    i.osThreadCreate    RTX_CM4.lib(rt_cmsis.o)
    0x080049a0   0x00000018   Code   RO         1350    i.osThreadExit      RTX_CM4.lib(rt_cmsis.o)
    0x080049b8   0x0000000c   Code   RO         1356    i.osTimerCall       RTX_CM4.lib(rt_cmsis.o)
    0x080049c4   0x0000002c   Code   RO         1360    i.osTimerThread     RTX_CM4.lib(rt_cmsis.o)
    0x080049f0   0x0000001c   Code   RO         2224    i.rt_alloc_box      RTX_CM4.lib(rt_membox.o)
    0x08004a0c   0x0000003c   Code   RO         2252    i.rt_alloc_mem      RTX_CM4.lib(rt_memory.o)
    0x08004a48   0x00000038   Code   RO         1844    i.rt_block          RTX_CM4.lib(rt_task.o)
    0x08004a80   0x00000048   Code   RO         2329    i.rt_chk_robin      RTX_CM4.lib(rt_robin.o)
    0x08004ac8   0x00000070   Code   RO         2011    i.rt_dec_dly        RTX_CM4.lib(rt_list.o)
    0x08004b38   0x00000044   Code   RO         1845    i.rt_dispatch       RTX_CM4.lib(rt_task.o)
    0x08004b7c   0x00000006   Code   RO         2171    i.rt_dly_wait       RTX_CM4.lib(rt_time.o)
    0x08004b82   0x00000002   PAD
    0x08004b84   0x00000050   Code   RO         1972    i.rt_evt_psh        RTX_CM4.lib(rt_event.o)
    0x08004bd4   0x0000005c   Code   RO         1973    i.rt_evt_set        RTX_CM4.lib(rt_event.o)
    0x08004c30   0x00000040   Code   RO         1974    i.rt_evt_wait       RTX_CM4.lib(rt_event.o)
    0x08004c70   0x00000020   Code   RO         2225    i.rt_free_box       RTX_CM4.lib(rt_membox.o)
    0x08004c90   0x00000028   Code   RO         2253    i.rt_free_mem       RTX_CM4.lib(rt_memory.o)
    0x08004cb8   0x00000028   Code   RO         2012    i.rt_get_first      RTX_CM4.lib(rt_list.o)
    0x08004ce0   0x00000008   Code   RO         1363    i.rt_id2obj         RTX_CM4.lib(rt_cmsis.o)
    0x08004ce8   0x00000040   Code   RO         1846    i.rt_init_context   RTX_CM4.lib(rt_task.o)
    0x08004d28   0x0000001a   Code   RO         2254    i.rt_init_mem       RTX_CM4.lib(rt_memory.o)
    0x08004d42   0x00000002   PAD
    0x08004d44   0x00000018   Code   RO         2330    i.rt_init_robin     RTX_CM4.lib(rt_robin.o)
    0x08004d5c   0x00000050   Code   RO         2279    i.rt_init_stack     RTX_CM4.lib(hal_cm.o)
    0x08004dac   0x00000008   Code   RO         2089    i.rt_mbx_check      RTX_CM4.lib(rt_mailbox.o)
    0x08004db4   0x0000001a   Code   RO         2090    i.rt_mbx_init       RTX_CM4.lib(rt_mailbox.o)
    0x08004dce   0x00000002   PAD
    0x08004dd0   0x000000fc   Code   RO         2091    i.rt_mbx_psh        RTX_CM4.lib(rt_mailbox.o)
    0x08004ecc   0x000000b4   Code   RO         2093    i.rt_mbx_wait       RTX_CM4.lib(rt_mailbox.o)
    0x08004f80   0x0000003c   Code   RO         1364    i.rt_ms2tick        RTX_CM4.lib(rt_cmsis.o)
    0x08004fbc   0x00000078   Code   RO         1923    i.rt_pop_req        RTX_CM4.lib(rt_system.o)
    0x08005034   0x00000020   Code   RO         1924    i.rt_psh_req        RTX_CM4.lib(rt_system.o)
    0x08005054   0x00000058   Code   RO         2014    i.rt_psq_enq        RTX_CM4.lib(rt_list.o)
    0x080050ac   0x0000005c   Code   RO         2015    i.rt_put_dly        RTX_CM4.lib(rt_list.o)
    0x08005108   0x00000038   Code   RO         2016    i.rt_put_prio       RTX_CM4.lib(rt_list.o)
    0x08005140   0x00000014   Code   RO         2017    i.rt_put_rdy_first  RTX_CM4.lib(rt_list.o)
    0x08005154   0x00000010   Code   RO         2280    i.rt_ret_regs       RTX_CM4.lib(hal_cm.o)
    0x08005164   0x0000000c   Code   RO         2281    i.rt_ret_val        RTX_CM4.lib(hal_cm.o)
    0x08005170   0x00000010   Code   RO         2282    i.rt_ret_val2       RTX_CM4.lib(hal_cm.o)
    0x08005180   0x00000028   Code   RO         2019    i.rt_rmv_dly        RTX_CM4.lib(rt_list.o)
    0x080051a8   0x00000030   Code   RO         2020    i.rt_rmv_list       RTX_CM4.lib(rt_list.o)
    0x080051d8   0x00000034   Code   RO         2137    i.rt_sem_psh        RTX_CM4.lib(rt_semaphore.o)
    0x0800520c   0x0000002a   Code   RO         2138    i.rt_sem_send       RTX_CM4.lib(rt_semaphore.o)
    0x08005236   0x00000002   PAD
    0x08005238   0x0000003c   Code   RO         2139    i.rt_sem_wait       RTX_CM4.lib(rt_semaphore.o)
    0x08005274   0x00000024   Code   RO         1925    i.rt_stk_check      RTX_CM4.lib(rt_system.o)
    0x08005298   0x00000028   Code   RO         1847    i.rt_switch_req     RTX_CM4.lib(rt_task.o)
    0x080052c0   0x00000140   Code   RO         1848    i.rt_sys_init       RTX_CM4.lib(rt_task.o)
    0x08005400   0x0000003c   Code   RO         1926    i.rt_systick        RTX_CM4.lib(rt_system.o)
    0x0800543c   0x00000012   Code   RO         1365    i.rt_tid2ptcb       RTX_CM4.lib(rt_cmsis.o)
    0x0800544e   0x00000002   PAD
    0x08005450   0x0000003c   Code   RO         1366    i.rt_timer_insert   RTX_CM4.lib(rt_cmsis.o)
    0x0800548c   0x00000080   Code   RO         1849    i.rt_tsk_create     RTX_CM4.lib(rt_task.o)
    0x0800550c   0x000000ac   Code   RO         1850    i.rt_tsk_delete     RTX_CM4.lib(rt_task.o)
    0x080055b8   0x00000010   Code   RO         1853    i.rt_tsk_self       RTX_CM4.lib(rt_task.o)
    0x080055c8   0x00000014   Code   RO         1368    i.svcDelay          RTX_CM4.lib(rt_cmsis.o)
    0x080055dc   0x000000d4   Code   RO         1369    i.svcKernelStart    RTX_CM4.lib(rt_cmsis.o)
    0x080056b0   0x00000024   Code   RO         1371    i.svcMessageCreate  RTX_CM4.lib(rt_cmsis.o)
    0x080056d4   0x0000003a   Code   RO         1372    i.svcMessageGet     RTX_CM4.lib(rt_cmsis.o)
    0x0800570e   0x0000001a   Code   RO         1379    i.svcSemaphoreRelease  RTX_CM4.lib(rt_cmsis.o)
    0x08005728   0x00000036   Code   RO         1380    i.svcSemaphoreWait  RTX_CM4.lib(rt_cmsis.o)
    0x0800575e   0x00000024   Code   RO         1383    i.svcSignalSet      RTX_CM4.lib(rt_cmsis.o)
    0x08005782   0x00000002   PAD
    0x08005784   0x00000054   Code   RO         1384    i.svcSignalWait     RTX_CM4.lib(rt_cmsis.o)
    0x080057d8   0x00000070   Code   RO         1385    i.svcThreadCreate   RTX_CM4.lib(rt_cmsis.o)
    0x08005848   0x0000001c   Code   RO         1386    i.svcThreadGetId    RTX_CM4.lib(rt_cmsis.o)
    0x08005864   0x00000038   Code   RO         1389    i.svcThreadTerminate  RTX_CM4.lib(rt_cmsis.o)
    0x0800589c   0x00000018   Code   RO         1391    i.svcTimerCall      RTX_CM4.lib(rt_cmsis.o)
    0x080058b4   0x00000054   Code   RO         1399    i.sysTimerTick      RTX_CM4.lib(rt_cmsis.o)
    0x08005908   0x00000058   Data   RO          140    .constdata          rtx_conf_cm.o
    0x08005960   0x00000014   Data   RO          280    .constdata          temperature_sensor.o
    0x08005974   0x0000001c   Data   RO          426    .constdata          accelerometer.o
    0x08005990   0x00000010   Data   RO          488    .constdata          modehandler.o
    0x080059a0   0x00000010   Data   RO          619    .constdata          display_ui.o
    0x080059b0   0x00000098   Data   RO         2366    .constdata          m_wm.l(atan.o)
    0x08005a48   0x00000030   Data   RO         2452    Region$$Table       anon$$obj.o


    Execution Region RW_IRAM1 (Base: 0x10000000, Size: 0x00001b50, Max: 0x0001ffff, ABSOLUTE)

    Base Addr    Size         Type   Attr      Idx    E Section Name        Object

    0x10000000   0x00001b50   Zero   RW          139    .bss                rtx_conf_cm.o


    Execution Region RW_IRAM2 (Base: 0x20000000, Size: 0x000006a8, Max: 0x0001ffff, ABSOLUTE)

    Base Addr    Size         Type   Attr      Idx    E Section Name        Object

    0x20000000   0x00000014   Data   RW            4    .data               system_stm32f4xx.o
    0x20000014   0x00000010   Data   RW          141    .data               rtx_conf_cm.o
    0x20000024   0x0000002c   Data   RW          174    .data               main.o
    0x20000050   0x00000008   Data   RW          254    .data               push_button.o
    0x20000058   0x00000014   Data   RW          281    .data               temperature_sensor.o
    0x2000006c   0x00000004   Data   RW          399    .data               stm32f4_discovery_lis302dl.o
    0x20000070   0x00000043   Data   RW          427    .data               accelerometer.o
    0x200000b3   0x00000001   PAD
    0x200000b4   0x00000008   Data   RW          489    .data               modehandler.o
    0x200000bc   0x00000004   Data   RW          528    .data               led.o
    0x200000c0   0x00000004   Data   RW          548    .data               displaytemperature.o
    0x200000c4   0x00000008   Data   RW          563    .data               displayedge.o
    0x200000cc   0x00000008   Data   RW          578    .data               movedetect.o
    0x200000d4   0x00000001   Data   RW          620    .data               display_ui.o
    0x200000d5   0x00000010   Data   RW         1123    .data               stm32f4xx_rcc.o
    0x200000e5   0x00000003   PAD
    0x200000e8   0x00000004   Data   RW         1400    .data               RTX_CM4.lib(rt_cmsis.o)
    0x200000ec   0x00000008   Data   RW         1855    .data               RTX_CM4.lib(rt_task.o)
    0x200000f4   0x00000003   Data   RW         1929    .data               RTX_CM4.lib(rt_system.o)
    0x200000f7   0x00000001   PAD
    0x200000f8   0x00000002   Data   RW         2174    .data               RTX_CM4.lib(rt_time.o)
    0x200000fa   0x00000001   Data   RW         2283    .data               RTX_CM4.lib(hal_cm.o)
    0x200000fb   0x00000001   PAD
    0x200000fc   0x00000008   Data   RW         2331    .data               RTX_CM4.lib(rt_robin.o)
    0x20000104   0x00000004   Data   RW         2429    .data               mc_w.l(errno.o)
    0x20000108   0x000000c0   Zero   RW          172    .bss                main.o
    0x200001c8   0x00000054   Zero   RW          425    .bss                accelerometer.o
    0x2000021c   0x00000020   Zero   RW          464    .bss                timer.o
    0x2000023c   0x0000000c   Zero   RW          577    .bss                movedetect.o
    0x20000248   0x00000030   Zero   RW         1854    .bss                RTX_CM4.lib(rt_task.o)
    0x20000278   0x00000030   Zero   RW         2021    .bss                RTX_CM4.lib(rt_list.o)
    0x200002a8   0x00000400   Zero   RW          130    STACK               startup_stm32f4xx.o


==============================================================================

Image component sizes


      Code (inc. data)   RO Data    RW Data    ZI Data      Debug   Object Name

      1600        142         28         67         84       8946   accelerometer.o
       176         18         16          1          0        986   display_ui.o
       152          6          0          8          0        926   displayedge.o
       212          8          0          4          0        737   displaytemperature.o
       272         10          0          4          0       2003   led.o
       208         50          0         44        192       5925   main.o
       228         22          0          0          0       3585   misc.o
       240         24         16          8          0       1267   modehandler.o
       248         12          0          8         12       1236   movedetect.o
       340         22          0          0          0       1700   moving_average.o
       144         12          0          8          0       1222   push_button.o
        24          6         88         16       6992       6480   rtx_conf_cm.o
        36          8        392          0       1024        772   startup_stm32f4xx.o
       960         18          0          4          0       9380   stm32f4_discovery_lis302dl.o
      1136         28          0          0          0      10538   stm32f4xx_adc.o
       932         32          0          0          0      18977   stm32f4xx_dma.o
       284         10          0          0          0       4767   stm32f4xx_exti.o
       604         36          0          0          0      10497   stm32f4xx_gpio.o
      1416         48          0         16          0      23915   stm32f4xx_rcc.o
      1012         22          0          0          0      14925   stm32f4xx_spi.o
       140         12          0          0          0       1691   stm32f4xx_syscfg.o
      3234         60          0          0          0      42144   stm32f4xx_tim.o
       524         44          0         20          0     264199   system_stm32f4xx.o
       288         42         20         20          0      16895   temperature_sensor.o
       116         12          0          0         32       1058   timer.o

    ----------------------------------------------------------------------
     14526        704        608        232       8336     454771   Object Totals
         0          0         48          0          0          0   (incl. Generated)
         0          0          0          4          0          0   (incl. Padding)

    ----------------------------------------------------------------------

      Code (inc. data)   RO Data    RW Data    ZI Data      Debug   Library Member Name

         4          4          0          0          0        132   SVC_Table.o
       220         24          0          1          0       3876   hal_cm.o
       372         32          0          0          0        616   hal_cm4.o
      1468        152          0          4          0      32319   rt_cmsis.o
       276         20          0          0          0       2550   rt_event.o
       496         30          0          0         48       6636   rt_list.o
       560         10          0          0          0       3829   rt_mailbox.o
       130          0          0          0          0       1837   rt_membox.o
       126          0          0          0          0       2159   rt_memory.o
        96         24          0          8          0       1042   rt_robin.o
       170          8          0          0          0       2316   rt_semaphore.o
       248         44          0          3          0       2066   rt_system.o
       864        154          0          8         48       7224   rt_task.o
         6          0          0          2          0        572   rt_time.o
       744        108        152          0          0        220   atan.o
        32          8          0          0          0        124   dunder.o
        52          0          0          0          0        248   fabs.o
        48          0          0          0          0        124   fpclassify.o
       248          0          0          0          0        152   poly.o
       122          0          0          0          0        148   sqrt.o
         0          0          0          0          0          0   entry.o
         0          0          0          0          0          0   entry10a.o
         0          0          0          0          0          0   entry11a.o
         8          4          0          0          0          0   entry2.o
         4          0          0          0          0          0   entry5.o
         0          0          0          0          0          0   entry7b.o
         0          0          0          0          0          0   entry8b.o
        12          6          0          4          0         68   errno.o
        30          0          0          0          0          0   handlers.o
        36          8          0          0          0         68   init.o
         0          0          0          0          0          0   iusefp.o
        30          0          0          0          0         68   llshl.o
        36          0          0          0          0         68   llsshr.o
        32          0          0          0          0         68   llushr.o
        40          2          0          0          0         68   cdcmple.o
        56          0          0          0          0         88   d2f.o
       334          0          0          0          0        144   dadd.o
       222          0          0          0          0        100   ddiv.o
       190          0          0          0          0        176   depilogue.o
       228          0          0          0          0         92   dmul.o
       162          0          0          0          0        100   dsqrt.o
        38          0          0          0          0         68   f2d.o
       108          0          0          0          0        168   fepilogue.o

    ----------------------------------------------------------------------
      7874        638        152         32         96      69534   Library Totals
        26          0          0          2          0          0   (incl. Padding)

    ----------------------------------------------------------------------

      Code (inc. data)   RO Data    RW Data    ZI Data      Debug   Library Name

      5036        502          0         26         96      67174   RTX_CM4.lib
      1246        116        152          0          0       1016   m_wm.l
       188         18          0          4          0        340   mc_w.l
      1378          2          0          0          0       1004   mf_w.l

    ----------------------------------------------------------------------
      7874        638        152         32         96      69534   Library Totals

    ----------------------------------------------------------------------

==============================================================================


      Code (inc. data)   RO Data    RW Data    ZI Data      Debug   

     22400       1342        760        264       8432     510833   Grand Totals
     22400       1342        760        264       8432     510833   ELF Image Totals
     22400       1342        760        264          0          0   ROM Totals

==============================================================================

    Total RO  Size (Code + RO Data)                23160 (  22.62kB)
    Total RW  Size (RW Data + ZI Data)              8696 (   8.49kB)
    Total ROM Size (Code + RO Data + RW Data)      23424 (  22.88kB)

==============================================================================

